Component: ARM Compiler 5.06 update 4 (build 422) Tool: armlink [4d35d2]

==============================================================================

Section Cross References

    main.o(i.main) refers to public.o(i.STM32_Init) for STM32_Init
    main.o(i.main) refers to slave_computer.o(i.SHOW_Pages) for SHOW_Pages
    main.o(i.main) refers to main_control.o(i.Control_main) for Control_main
    public.o(i.STM32_Init) refers to usart.o(i.USART1_Init) for USART1_Init
    public.o(i.STM32_Init) refers to square.o(i.SQUARE_Init) for SQUARE_Init
    public.o(i.STM32_Init) refers to motor.o(i.MOTOR_Init) for MOTOR_Init
    public.o(i.STM32_Init) refers to lcd.o(i.LCD_Init) for LCD_Init
    public.o(i.STM32_Init) refers to touch.o(i.TP_Init) for TP_Init
    public.o(i.STM32_Init) refers to hx711.o(i.HX711_Init) for HX711_Init
    public.o(i.STM32_Init) refers to adc.o(i.ADC1_Init) for ADC1_Init
    public.o(i.STM32_Init) refers to pid.o(i.PID_param_Init) for PID_param_Init
    public.o(i.STM32_Init) refers to tim.o(i.TIM_20ms_Init) for TIM_20ms_Init
    usart.o(i.USART1_IRQHandler) refers to stm32f4xx_usart.o(i.USART_GetFlagStatus) for USART_GetFlagStatus
    usart.o(i.USART1_IRQHandler) refers to stm32f4xx_usart.o(i.USART_ReceiveData) for USART_ReceiveData
    usart.o(i.USART1_IRQHandler) refers to usart.o(i.USART_Send) for USART_Send
    usart.o(i.USART1_Init) refers to stm32f4xx_rcc.o(i.RCC_AHB1PeriphClockCmd) for RCC_AHB1PeriphClockCmd
    usart.o(i.USART1_Init) refers to stm32f4xx_rcc.o(i.RCC_APB2PeriphClockCmd) for RCC_APB2PeriphClockCmd
    usart.o(i.USART1_Init) refers to stm32f4xx_gpio.o(i.GPIO_PinAFConfig) for GPIO_PinAFConfig
    usart.o(i.USART1_Init) refers to stm32f4xx_gpio.o(i.GPIO_Init) for GPIO_Init
    usart.o(i.USART1_Init) refers to stm32f4xx_usart.o(i.USART_Init) for USART_Init
    usart.o(i.USART1_Init) refers to stm32f4xx_usart.o(i.USART_Cmd) for USART_Cmd
    usart.o(i.USART1_Init) refers to stm32f4xx_usart.o(i.USART_ITConfig) for USART_ITConfig
    usart.o(i.USART1_Init) refers to misc.o(i.NVIC_Init) for NVIC_Init
    usart.o(i.USART_Receive) refers to stm32f4xx_usart.o(i.USART_GetFlagStatus) for USART_GetFlagStatus
    usart.o(i.USART_Receive) refers to stm32f4xx_usart.o(i.USART_ReceiveData) for USART_ReceiveData
    usart.o(i.USART_Send) refers to stm32f4xx_usart.o(i.USART_SendData) for USART_SendData
    usart.o(i.USART_Send) refers to stm32f4xx_usart.o(i.USART_GetFlagStatus) for USART_GetFlagStatus
    i2c.o(i.I2C_Ack) refers to stm32f4xx_gpio.o(i.GPIO_ResetBits) for GPIO_ResetBits
    i2c.o(i.I2C_Ack) refers to i2c.o(i.I2C_SDA_Init) for I2C_SDA_Init
    i2c.o(i.I2C_Ack) refers to delay.o(i.delay_us) for delay_us
    i2c.o(i.I2C_Ack) refers to stm32f4xx_gpio.o(i.GPIO_SetBits) for GPIO_SetBits
    i2c.o(i.I2C_ReadByte) refers to i2c.o(i.I2C_SDA_Init) for I2C_SDA_Init
    i2c.o(i.I2C_ReadByte) refers to stm32f4xx_gpio.o(i.GPIO_ResetBits) for GPIO_ResetBits
    i2c.o(i.I2C_ReadByte) refers to delay.o(i.delay_us) for delay_us
    i2c.o(i.I2C_ReadByte) refers to stm32f4xx_gpio.o(i.GPIO_SetBits) for GPIO_SetBits
    i2c.o(i.I2C_ReadByte) refers to stm32f4xx_gpio.o(i.GPIO_ReadInputDataBit) for GPIO_ReadInputDataBit
    i2c.o(i.I2C_ReadByte) refers to i2c.o(i.I2C_Ack) for I2C_Ack
    i2c.o(i.I2C_ReadByte) refers to i2c.o(i.I2C_nAck) for I2C_nAck
    i2c.o(i.I2C_RecieveByte) refers to i2c.o(i.I2C_Start) for I2C_Start
    i2c.o(i.I2C_RecieveByte) refers to i2c.o(i.I2C_WriteByte) for I2C_WriteByte
    i2c.o(i.I2C_RecieveByte) refers to i2c.o(i.I2C_rAck) for I2C_rAck
    i2c.o(i.I2C_RecieveByte) refers to i2c.o(i.I2C_ReadByte) for I2C_ReadByte
    i2c.o(i.I2C_RecieveByte) refers to i2c.o(i.I2C_Stop) for I2C_Stop
    i2c.o(i.I2C_RecieveBytes) refers to i2c.o(i.I2C_Start) for I2C_Start
    i2c.o(i.I2C_RecieveBytes) refers to i2c.o(i.I2C_WriteByte) for I2C_WriteByte
    i2c.o(i.I2C_RecieveBytes) refers to i2c.o(i.I2C_rAck) for I2C_rAck
    i2c.o(i.I2C_RecieveBytes) refers to i2c.o(i.I2C_Stop) for I2C_Stop
    i2c.o(i.I2C_RecieveBytes) refers to i2c.o(i.I2C_ReadByte) for I2C_ReadByte
    i2c.o(i.I2C_SCL_Init) refers to stm32f4xx_rcc.o(i.RCC_AHB1PeriphClockCmd) for RCC_AHB1PeriphClockCmd
    i2c.o(i.I2C_SCL_Init) refers to stm32f4xx_gpio.o(i.GPIO_Init) for GPIO_Init
    i2c.o(i.I2C_SCL_Init) refers to stm32f4xx_gpio.o(i.GPIO_SetBits) for GPIO_SetBits
    i2c.o(i.I2C_SDA_Init) refers to stm32f4xx_rcc.o(i.RCC_AHB1PeriphClockCmd) for RCC_AHB1PeriphClockCmd
    i2c.o(i.I2C_SDA_Init) refers to stm32f4xx_gpio.o(i.GPIO_Init) for GPIO_Init
    i2c.o(i.I2C_S_Init) refers to i2c.o(i.I2C_SDA_Init) for I2C_SDA_Init
    i2c.o(i.I2C_S_Init) refers to stm32f4xx_gpio.o(i.GPIO_SetBits) for GPIO_SetBits
    i2c.o(i.I2C_S_Init) refers to i2c.o(i.I2C_SCL_Init) for I2C_SCL_Init
    i2c.o(i.I2C_SendByte) refers to i2c.o(i.I2C_Start) for I2C_Start
    i2c.o(i.I2C_SendByte) refers to i2c.o(i.I2C_WriteByte) for I2C_WriteByte
    i2c.o(i.I2C_SendByte) refers to i2c.o(i.I2C_rAck) for I2C_rAck
[...]
    .ARM.Collect$$libinit$$00000019          0x08000202   Section        0  libinit2.o(.ARM.Collect$$libinit$$00000019)
    .ARM.Collect$$libinit$$0000001B          0x08000202   Section        0  libinit2.o(.ARM.Collect$$libinit$$0000001B)
    .ARM.Collect$$libinit$$0000001D          0x08000202   Section        0  libinit2.o(.ARM.Collect$$libinit$$0000001D)
    .ARM.Collect$$libinit$$0000001F          0x08000202   Section        0  libinit2.o(.ARM.Collect$$libinit$$0000001F)
    .ARM.Collect$$libinit$$00000021          0x08000202   Section        0  libinit2.o(.ARM.Collect$$libinit$$00000021)
    .ARM.Collect$$libinit$$00000023          0x08000202   Section        0  libinit2.o(.ARM.Collect$$libinit$$00000023)
    .ARM.Collect$$libinit$$00000025          0x08000202   Section        0  libinit2.o(.ARM.Collect$$libinit$$00000025)
    .ARM.Collect$$libinit$$0000002C          0x08000202   Section        0  libinit2.o(.ARM.Collect$$libinit$$0000002C)
    .ARM.Collect$$libinit$$0000002E          0x08000202   Section        0  libinit2.o(.ARM.Collect$$libinit$$0000002E)
    .ARM.Collect$$libinit$$00000030          0x08000202   Section        0  libinit2.o(.ARM.Collect$$libinit$$00000030)
    .ARM.Collect$$libinit$$00000032          0x08000202   Section        0  libinit2.o(.ARM.Collect$$libinit$$00000032)
    .ARM.Collect$$libinit$$00000033          0x08000202   Section        2  libinit2.o(.ARM.Collect$$libinit$$00000033)
    .ARM.Collect$$libshutdown$$00000000      0x08000204   Section        2  libshutdown.o(.ARM.Collect$$libshutdown$$00000000)
    .ARM.Collect$$libshutdown$$00000002      0x08000206   Section        0  libshutdown2.o(.ARM.Collect$$libshutdown$$00000002)
    .ARM.Collect$$libshutdown$$00000004      0x08000206   Section        0  libshutdown2.o(.ARM.Collect$$libshutdown$$00000004)
    .ARM.Collect$$libshutdown$$00000007      0x08000206   Section        0  libshutdown2.o(.ARM.Collect$$libshutdown$$00000007)
    .ARM.Collect$$libshutdown$$0000000A      0x08000206   Section        0  libshutdown2.o(.ARM.Collect$$libshutdown$$0000000A)
    .ARM.Collect$$libshutdown$$0000000C      0x08000206   Section        0  libshutdown2.o(.ARM.Collect$$libshutdown$$0000000C)
    .ARM.Collect$$libshutdown$$0000000F      0x08000206   Section        0  libshutdown2.o(.ARM.Collect$$libshutdown$$0000000F)
    .ARM.Collect$$libshutdown$$00000010      0x08000206   Section        2  libshutdown2.o(.ARM.Collect$$libshutdown$$00000010)
    .ARM.Collect$$rtentry$$00000000          0x08000208   Section        0  __rtentry.o(.ARM.Collect$$rtentry$$00000000)
    .ARM.Collect$$rtentry$$00000002          0x08000208   Section        0  __rtentry2.o(.ARM.Collect$$rtentry$$00000002)
    .ARM.Collect$$rtentry$$00000004          0x08000208   Section        6  __rtentry4.o(.ARM.Collect$$rtentry$$00000004)
    .ARM.Collect$$rtentry$$00000009          0x0800020e   Section        0  __rtentry2.o(.ARM.Collect$$rtentry$$00000009)
    .ARM.Collect$$rtentry$$0000000A          0x0800020e   Section        4  __rtentry2.o(.ARM.Collect$$rtentry$$0000000A)
    .ARM.Collect$$rtentry$$0000000C          0x08000212   Section        0  __rtentry2.o(.ARM.Collect$$rtentry$$0000000C)
    .ARM.Collect$$rtentry$$0000000D          0x08000212   Section        8  __rtentry2.o(.ARM.Collect$$rtentry$$0000000D)
    .ARM.Collect$$rtexit$$00000000           0x0800021a   Section        2  rtexit.o(.ARM.Collect$$rtexit$$00000000)
    .ARM.Collect$$rtexit$$00000002           0x0800021c   Section        0  rtexit2.o(.ARM.Collect$$rtexit$$00000002)
    .ARM.Collect$$rtexit$$00000003           0x0800021c   Section        4  rtexit2.o(.ARM.Collect$$rtexit$$00000003)
    .ARM.Collect$$rtexit$$00000004           0x08000220   Section        6  rtexit2.o(.ARM.Collect$$rtexit$$00000004)
    .text                                    0x08000228   Section       64  startup_stm32f40_41xxx.o(.text)
    $v0                                      0x08000228   Number         0  startup_stm32f40_41xxx.o(.text)
    .text                                    0x08000268   Section        0  strcpy.o(.text)
    .text                                    0x080002b0   Section        0  heapauxi.o(.text)
    .text                                    0x080002b6   Section        0  _rserrno.o(.text)
    .text                                    0x080002cc   Section        8  rt_errno_addr_intlibspace.o(.text)
    .text                                    0x080002d4   Section        8  libspace.o(.text)
    .text                                    0x080002dc   Section       74  sys_stackheap_outer.o(.text)
    .text                                    0x08000326   Section        0  exit.o(.text)
    .text                                    0x08000338   Section        0  sys_exit.o(.text)
    .text                                    0x08000344   Section        2  use_no_semi.o(.text)
    .text                                    0x08000346   Section        0  indicate_semi.o(.text)
    i.ADC1_Init                              0x08000348   Section        0  adc.o(i.ADC1_Init)
    i.ADC_Cmd                                0x080003cc   Section        0  stm32f4xx_adc.o(i.ADC_Cmd)
    i.ADC_CommonInit                         0x080003e4   Section        0  stm32f4xx_adc.o(i.ADC_CommonInit)
    i.ADC_GetConversionValue                 0x08000414   Section        0  stm32f4xx_adc.o(i.ADC_GetConversionValue)
    i.ADC_GetFlagStatus                      0x0800041c   Section        0  stm32f4xx_adc.o(i.ADC_GetFlagStatus)
    i.ADC_Init                               0x08000430   Section        0  stm32f4xx_adc.o(i.ADC_Init)
    i.ADC_RegularChannelConfig               0x08000484   Section        0  stm32f4xx_adc.o(i.ADC_RegularChannelConfig)
    i.ADC_SoftwareStartConv                  0x0800053c   Section        0  stm32f4xx_adc.o(i.ADC_SoftwareStartConv)
    i.BusFault_Handler                       0x08000546   Section        0  stm32f4xx_it.o(i.BusFault_Handler)
    i.Control_20ms                           0x0800054c   Section        0  main_control.o(i.Control_20ms)
    i.Control_main                           0x08000608   Section        0  main_control.o(i.Control_main)
    i.DebugMon_Handler                       0x08000654   Section        0  stm32f4xx_it.o(i.DebugMon_Handler)
    i.FSMC_NORSRAMCmd                        0x08000658   Section        0  stm32f4xx_fsmc.o(i.FSMC_NORSRAMCmd)
    i.FSMC_NORSRAMInit                       0x0800068c   Section        0  stm32f4xx_fsmc.o(i.FSMC_NORSRAMInit)
    i.GET_HX711                              0x08000774   Section        0  hx711.o(i.GET_HX711)
    i.GET_TP_XY                              0x08000810   Section        0  touch.o(i.GET_TP_XY)
    i.GET_d_by_adc                           0x080008f0   Section        0  handle.o(i.GET_d_by_adc)
    i.GET_length_exp                         0x080009a4   Section        0  handle.o(i.GET_length_exp)
    i.GET_length_n                           0x08000a04   Section        0  handle.o(i.GET_length_n)
    i.GET_touch_key                          0x08000b78   Section        0  slave_computer.o(i.GET_touch_key)
    i.GPIO_Init                              0x08000ddc   Section        0  stm32f4xx_gpio.o(i.GPIO_Init)
    i.GPIO_PinAFConfig                       0x08000e6c   Section        0  stm32f4xx_gpio.o(i.GPIO_PinAFConfig)
    i.GPIO_ReadInputDataBit                  0x08000eb2   Section        0  stm32f4xx_gpio.o(i.GPIO_ReadInputDataBit)
    i.GPIO_ReadOutputDataBit                 0x08000ec4   Section        0  stm32f4xx_gpio.o(i.GPIO_ReadOutputDataBit)
    i.GPIO_ResetBits                         0x08000ed6   Section        0  stm32f4xx_gpio.o(i.GPIO_ResetBits)
    i.GPIO_SetBits                           0x08000eda   Section        0  stm32f4xx_gpio.o(i.GPIO_SetBits)
    i.Get_ADC1                               0x08000ee0   Section        0  adc.o(i.Get_ADC1)
    i.Get_ADC1_Average                       0x08000f10   Section        0  adc.o(i.Get_ADC1_Average)
    i.HX711_Init                             0x08000f40   Section        0  hx711.o(i.HX711_Init)
    i.HardFault_Handler                      0x08000f90   Section        0  stm32f4xx_it.o(i.HardFault_Handler)
    i.LCD_Clear                              0x08000f94   Section        0  lcd.o(i.LCD_Clear)
    i.LCD_Display_Dir                        0x08001000   Section        0  lcd.o(i.LCD_Display_Dir)
    i.LCD_DrawLine                           0x08001170   Section        0  lcd.o(i.LCD_DrawLine)
    i.LCD_DrawPoint                          0x08001220   Section        0  lcd.o(i.LCD_DrawPoint)
    i.LCD_DrawRectangle                      0x08001244   Section        0  lcd.o(i.LCD_DrawRectangle)
    i.LCD_Fast_DrawPoint                     0x08001280   Section        0  lcd.o(i.LCD_Fast_DrawPoint)
    i.LCD_Fill                               0x0800139c   Section        0  lcd.o(i.LCD_Fill)
    i.LCD_Init                               0x08001458   Section        0  lcd.o(i.LCD_Init)
    i.LCD_Pow                                0x08004b70   Section        0  lcd.o(i.LCD_Pow)
    i.LCD_RD_DATA                            0x08004b88   Section        0  lcd.o(i.LCD_RD_DATA)
    i.LCD_ReadReg                            0x08004b9c   Section        0  lcd.o(i.LCD_ReadReg)
    i.LCD_Scan_Dir                           0x08004bb4   Section        0  lcd.o(i.LCD_Scan_Dir)
    i.LCD_SetCursor                          0x08004e90   Section        0  lcd.o(i.LCD_SetCursor)
    i.LCD_ShowChar                           0x08004f9c   Section        0  lcd.o(i.LCD_ShowChar)
    i.LCD_ShowInt                            0x080050c4   Section        0  lcd.o(i.LCD_ShowInt)
    i.LCD_ShowNum                            0x080051a8   Section        0  lcd.o(i.LCD_ShowNum)
    i.LCD_ShowString                         0x0800523c   Section        0  lcd.o(i.LCD_ShowString)
    i.LCD_WR_DATA                            0x080052a4   Section        0  lcd.o(i.LCD_WR_DATA)
    i.LCD_WR_REG                             0x080052bc   Section        0  lcd.o(i.LCD_WR_REG)
    i.LCD_WriteRAM_Prepare                   0x080052d4   Section        0  lcd.o(i.LCD_WriteRAM_Prepare)
    i.LCD_WriteReg                           0x080052e8   Section        0  lcd.o(i.LCD_WriteReg)
    i.LED_Change                             0x08005300   Section        0  led.o(i.LED_Change)
    i.MOTOR_Init                             0x08005328   Section        0  motor.o(i.MOTOR_Init)
    i.MOTOR_Set                              0x080053f8   Section        0  motor.o(i.MOTOR_Set)
    i.MemManage_Handler                      0x0800543c   Section        0  stm32f4xx_it.o(i.MemManage_Handler)
    i.NMI_Handler                            0x08005440   Section        0  stm32f4xx_it.o(i.NMI_Handler)
    i.NVIC_Init                              0x08005444   Section        0  misc.o(i.NVIC_Init)
    i.PID_Compulate                          0x080054bc   Section        0  pid.o(i.PID_Compulate)
    i.PID_param_Init                         0x080056dc   Section        0  pid.o(i.PID_param_Init)
    i.PID_param_Reset                        0x0800573c   Section        0  pid.o(i.PID_param_Reset)
    i.Page                                   0x08005798   Section        0  slave_computer.o(i.Page)
    i.Page_1                                 0x080058a8   Section        0  slave_computer.o(i.Page_1)
    i.Page_2                                 0x08005b74   Section        0  slave_computer.o(i.Page_2)
    i.PendSV_Handler                         0x08005cc8   Section        0  stm32f4xx_it.o(i.PendSV_Handler)
    i.RCC_AHB1PeriphClockCmd                 0x08005ccc   Section        0  stm32f4xx_rcc.o(i.RCC_AHB1PeriphClockCmd)
    i.RCC_AHB3PeriphClockCmd                 0x08005cec   Section        0  stm32f4xx_rcc.o(i.RCC_AHB3PeriphClockCmd)
    i.RCC_APB1PeriphClockCmd                 0x08005d0c   Section        0  stm32f4xx_rcc.o(i.RCC_APB1PeriphClockCmd)
    i.RCC_APB2PeriphClockCmd                 0x08005d2c   Section        0  stm32f4xx_rcc.o(i.RCC_APB2PeriphClockCmd)
    i.RCC_APB2PeriphResetCmd                 0x08005d4c   Section        0  stm32f4xx_rcc.o(i.RCC_APB2PeriphResetCmd)
    i.RCC_GetClocksFreq                      0x08005d6c   Section        0  stm32f4xx_rcc.o(i.RCC_GetClocksFreq)
    i.SHOW_Pages                             0x08005e54   Section        0  slave_computer.o(i.SHOW_Pages)
    i.SQUARE_Init                            0x08006158   Section        0  square.o(i.SQUARE_Init)
    i.STM32_Init                             0x08006200   Section        0  public.o(i.STM32_Init)
    i.SVC_Handler                            0x08006234   Section        0  stm32f4xx_it.o(i.SVC_Handler)
    i.SetSysClock                            0x08006238   Section        0  system_stm32f4xx.o(i.SetSysClock)
    SetSysClock                              0x08006239   Thumb Code   220  system_stm32f4xx.o(i.SetSysClock)
    i.SysTick_Handler                        0x08006324   Section        0  stm32f4xx_it.o(i.SysTick_Handler)
    i.SystemInit                             0x08006328   Section        0  system_stm32f4xx.o(i.SystemInit)
    i.TIM7_IRQHandler                        0x08006390   Section        0  tim.o(i.TIM7_IRQHandler)
    i.TIM_20ms_Init                          0x080063b0   Section        0  tim.o(i.TIM_20ms_Init)
    i.TIM_ARRPreloadConfig                   0x08006410   Section        0  stm32f4xx_tim.o(i.TIM_ARRPreloadConfig)
    i.TIM_ClearITPendingBit                  0x08006428   Section        0  stm32f4xx_tim.o(i.TIM_ClearITPendingBit)
    i.TIM_Cmd                                0x0800642e   Section        0  stm32f4xx_tim.o(i.TIM_Cmd)
    i.TIM_GetITStatus                        0x08006446   Section        0  stm32f4xx_tim.o(i.TIM_GetITStatus)
    i.TIM_ITConfig                           0x08006468   Section        0  stm32f4xx_tim.o(i.TIM_ITConfig)
    i.TIM_OC1Init                            0x0800647c   Section        0  stm32f4xx_tim.o(i.TIM_OC1Init)
    i.TIM_OC1PreloadConfig                   0x080064f8   Section        0  stm32f4xx_tim.o(i.TIM_OC1PreloadConfig)
    i.TIM_OC2Init                            0x0800650c   Section        0  stm32f4xx_tim.o(i.TIM_OC2Init)
    i.TIM_OC2PolarityConfig                  0x080065b0   Section        0  stm32f4xx_tim.o(i.TIM_OC2PolarityConfig)
    i.TIM_OC2PreloadConfig                   0x080065ca   Section        0  stm32f4xx_tim.o(i.TIM_OC2PreloadConfig)
    i.TIM_SetCompare1                        0x080065e4   Section        0  stm32f4xx_tim.o(i.TIM_SetCompare1)
    i.TIM_SetCompare2                        0x080065e8   Section        0  stm32f4xx_tim.o(i.TIM_SetCompare2)
    i.TIM_TimeBaseInit                       0x080065ec   Section        0  stm32f4xx_tim.o(i.TIM_TimeBaseInit)
    i.TP_Init                                0x08006670   Section        0  touch.o(i.TP_Init)
    i.TP_Read_AD                             0x080066d8   Section        0  touch.o(i.TP_Read_AD)
    i.TP_Read_XOY                            0x08006788   Section        0  touch.o(i.TP_Read_XOY)
    i.TP_Read_XY                             0x08006800   Section        0  touch.o(i.TP_Read_XY)
    i.TP_Read_XY2                            0x08006830   Section        0  touch.o(i.TP_Read_XY2)
    i.TP_Scan                                0x080068f0   Section        0  touch.o(i.TP_Scan)
    i.TP_Write_Byte                          0x080069e4   Section        0  touch.o(i.TP_Write_Byte)
    i.USART1_IRQHandler                      0x08006a38   Section        0  usart.o(i.USART1_IRQHandler)
    i.USART1_Init                            0x08006a60   Section        0  usart.o(i.USART1_Init)
    i.USART_Cmd                              0x08006b20   Section        0  stm32f4xx_usart.o(i.USART_Cmd)
    i.USART_GetFlagStatus                    0x08006b38   Section        0  stm32f4xx_usart.o(i.USART_GetFlagStatus)
    i.USART_ITConfig                         0x08006b52   Section        0  stm32f4xx_usart.o(i.USART_ITConfig)
    i.USART_Init                             0x08006b9c   Section        0  stm32f4xx_usart.o(i.USART_Init)
    i.USART_ReceiveData                      0x08006c70   Section        0  stm32f4xx_usart.o(i.USART_ReceiveData)
    i.USART_Send                             0x08006c7a   Section        0  usart.o(i.USART_Send)
    i.USART_SendData                         0x08006cd0   Section        0  stm32f4xx_usart.o(i.USART_SendData)
    i.UsageFault_Handler                     0x08006cd8   Section        0  stm32f4xx_it.o(i.UsageFault_Handler)
    i.__ARM_fpclassify                       0x08006cdc   Section        0  fpclassify.o(i.__ARM_fpclassify)
    i.__hardfp_fabs                          0x08006d0c   Section        0  fabs.o(i.__hardfp_fabs)
    i.__hardfp_pow                           0x08006d20   Section        0  pow.o(i.__hardfp_pow)
    i.__kernel_poly                          0x08007970   Section        0  poly.o(i.__kernel_poly)
    i.__mathlib_dbl_divzero                  0x08007a68   Section        0  dunder.o(i.__mathlib_dbl_divzero)
    i.__mathlib_dbl_infnan2                  0x08007a98   Section        0  dunder.o(i.__mathlib_dbl_infnan2)
    i.__mathlib_dbl_invalid                  0x08007ab0   Section        0  dunder.o(i.__mathlib_dbl_invalid)
    i.__mathlib_dbl_overflow                 0x08007ad0   Section        0  dunder.o(i.__mathlib_dbl_overflow)
    i.__mathlib_dbl_underflow                0x08007af0   Section        0  dunder.o(i.__mathlib_dbl_underflow)
    i.data_op                                0x08007b10   Section        0  slave_computer.o(i.data_op)
    i.delay_ms                               0x08007c00   Section        0  delay.o(i.delay_ms)
    i.delay_us                               0x08007c48   Section        0  delay.o(i.delay_us)
    i.fabs                                   0x08007c92   Section        0  fabs.o(i.fabs)
    i.main                                   0x08007caa   Section        0  main.o(i.main)
    i.sqrt                                   0x08007cba   Section        0  sqrt.o(i.sqrt)
    x$fpl$basic                              0x08007d28   Section       24  basic.o(x$fpl$basic)
    $v0                                      0x08007d28   Number         0  basic.o(x$fpl$basic)
    x$fpl$dadd                               0x08007d40   Section      336  daddsub_clz.o(x$fpl$dadd)
    $v0                                      0x08007d40   Number         0  daddsub_clz.o(x$fpl$dadd)
    _dadd1                                   0x08007d51   Thumb Code     0  daddsub_clz.o(x$fpl$dadd)
    x$fpl$dcheck1                            0x08007e90   Section       16  dcheck1.o(x$fpl$dcheck1)
    $v0                                      0x08007e90   Number         0  dcheck1.o(x$fpl$dcheck1)
    x$fpl$dcmpinf                            0x08007ea0   Section       24  dcmpi.o(x$fpl$dcmpinf)
    $v0                                      0x08007ea0   Number         0  dcmpi.o(x$fpl$dcmpinf)
    x$fpl$ddiv                               0x08007eb8   Section      688  ddiv.o(x$fpl$ddiv)
    $v0                                      0x08007eb8   Number         0  ddiv.o(x$fpl$ddiv)
    ddiv_entry                               0x08007ebf   Thumb Code     0  ddiv.o(x$fpl$ddiv)
    x$fpl$dfix                               0x08008168   Section       94  dfix.o(x$fpl$dfix)
    $v0                                      0x08008168   Number         0  dfix.o(x$fpl$dfix)
    x$fpl$dfixu                              0x080081c8   Section       90  dfixu.o(x$fpl$dfixu)
    $v0                                      0x080081c8   Number         0  dfixu.o(x$fpl$dfixu)
    x$fpl$dflt                               0x08008222   Section       46  dflt_clz.o(x$fpl$dflt)
    $v0                                      0x08008222   Number         0  dflt_clz.o(x$fpl$dflt)
    x$fpl$dfltu                              0x08008250   Section       38  dflt_clz.o(x$fpl$dfltu)
    $v0                                      0x08008250   Number         0  dflt_clz.o(x$fpl$dfltu)
    x$fpl$dleqf                              0x08008278   Section      120  dleqf.o(x$fpl$dleqf)
    $v0                                      0x08008278   Number         0  dleqf.o(x$fpl$dleqf)
    x$fpl$dmul                               0x080082f0   Section      340  dmul.o(x$fpl$dmul)
    $v0                                      0x080082f0   Number         0  dmul.o(x$fpl$dmul)
    x$fpl$dnaninf                            0x08008444   Section      156  dnaninf.o(x$fpl$dnaninf)
    $v0                                      0x08008444   Number         0  dnaninf.o(x$fpl$dnaninf)
    x$fpl$dretinf                            0x080084e0   Section       12  dretinf.o(x$fpl$dretinf)
    $v0                                      0x080084e0   Number         0  dretinf.o(x$fpl$dretinf)
    x$fpl$drleqf                             0x080084ec   Section      108  drleqf.o(x$fpl$drleqf)
    $v0                                      0x080084ec   Number         0  drleqf.o(x$fpl$drleqf)
    x$fpl$drsb                               0x08008558   Section       22  daddsub_clz.o(x$fpl$drsb)
    $v0                                      0x08008558   Number         0  daddsub_clz.o(x$fpl$drsb)
    x$fpl$dsqrt                              0x08008570   Section      408  dsqrt_umaal.o(x$fpl$dsqrt)
    $v0                                      0x08008570   Number         0  dsqrt_umaal.o(x$fpl$dsqrt)
    x$fpl$dsub                               0x08008708   Section      468  daddsub_clz.o(x$fpl$dsub)
    $v0                                      0x08008708   Number         0  daddsub_clz.o(x$fpl$dsub)
    _dsub1                                   0x08008719   Thumb Code     0  daddsub_clz.o(x$fpl$dsub)
    x$fpl$fpinit                             0x080088dc   Section       10  fpinit.o(x$fpl$fpinit)
    $v0                                      0x080088dc   Number         0  fpinit.o(x$fpl$fpinit)
    x$fpl$retnan                             0x080088e6   Section      100  retnan.o(x$fpl$retnan)
    $v0                                      0x080088e6   Number         0  retnan.o(x$fpl$retnan)
    x$fpl$scalbn                             0x0800894a   Section       92  scalbn.o(x$fpl$scalbn)
    $v0                                      0x0800894a   Number         0  scalbn.o(x$fpl$scalbn)
    x$fpl$trapveneer                         0x080089a6   Section       48  trapv.o(x$fpl$trapveneer)
    $v0                                      0x080089a6   Number         0  trapv.o(x$fpl$trapveneer)
    .constdata                               0x080089d6   Section     6080  lcd.o(.constdata)
    x$fpl$usenofp                            0x080089d6   Section        0  usenofp.o(x$fpl$usenofp)
    .constdata                               0x0800a198   Section      136  pow.o(.constdata)
    bp                                       0x0800a198   Data          16  pow.o(.constdata)
    dp_h                                     0x0800a1a8   Data          16  pow.o(.constdata)
    dp_l                                     0x0800a1b8   Data          16  pow.o(.constdata)
    L                                        0x0800a1c8   Data          48  pow.o(.constdata)
    P                                        0x0800a1f8   Data          40  pow.o(.constdata)
    .constdata                               0x0800a220   Section        8  qnan.o(.constdata)
    .data                                    0x20000000   Section        4  lcd.o(.data)
    .data                                    0x20000004   Section       50  touch.o(.data)
    .data                                    0x20000036   Section        5  main_control.o(.data)
    .data                                    0x20000040   Section       66  slave_computer.o(.data)
    n                                        0x20000080   Data           1  slave_computer.o(.data)
    key                                      0x20000081   Data           1  slave_computer.o(.data)
    .data                                    0x20000082   Section       16  stm32f4xx_rcc.o(.data)
    APBAHBPrescTable                         0x20000082   Data          16  stm32f4xx_rcc.o(.data)
    .bss                                     0x20000094   Section       14  lcd.o(.bss)
    .bss                                     0x200000a8   Section       80  pid.o(.bss)
    .bss                                     0x200000f8   Section     3315  slave_computer.o(.bss)
    .bss                                     0x20000dec   Section       96  libspace.o(.bss)
    HEAP                                     0x20000e50   Section      512  startup_stm32f40_41xxx.o(HEAP)
    Heap_Mem                                 0x20000e50   Data         512  startup_stm32f40_41xxx.o(HEAP)
    STACK                                    0x20001050   Section     1024  startup_stm32f40_41xxx.o(STACK)
    Stack_Mem                                0x20001050   Data        1024  startup_stm32f40_41xxx.o(STACK)
    __initial_sp                             0x20001450   Data           0  startup_stm32f40_41xxx.o(STACK)

    Global Symbols

    Symbol Name                              Value     Ov Type        Size  Object(Section)

    BuildAttributes$$THM_ISAv4$E$P$D$K$B$S$7EM$VFPi3$EXTD16$VFPS$VFMA$PE$A:L22UL41UL21$X:L11$S22US41US21$IEEE1$IW$USESV6$~STKCKD$USESV7$~SHL$OTIME$ROPI$IEEEX$EBA8$UX$STANDARDLIB$REQ8$PRES8$EABIv2 0x00000000   Number         0  anon$$obj.o ABSOLUTE
    __ARM_use_no_argv                        0x00000000   Number         0  main.o ABSOLUTE
    __ARM_exceptions_init                     - Undefined Weak Reference
    __alloca_initialize                       - Undefined Weak Reference
    __arm_preinit_                            - Undefined Weak Reference
    __cpp_initialize__aeabi_                  - Undefined Weak Reference
    __cxa_finalize                            - Undefined Weak Reference
    __rt_locale                               - Undefined Weak Reference
    __sigvec_lookup                           - Undefined Weak Reference
    _atexit_init                              - Undefined Weak Reference
    _call_atexit_fns                          - Undefined Weak Reference
    _clock_init                               - Undefined Weak Reference
    _fp_trap_init                             - Undefined Weak Reference
    _fp_trap_shutdown                         - Undefined Weak Reference
    _get_lc_collate                           - Undefined Weak Reference
    _get_lc_ctype                             - Undefined Weak Reference
    _get_lc_monetary                          - Undefined Weak Reference
    _get_lc_numeric                           - Undefined Weak Reference
    _get_lc_time                              - Undefined Weak Reference
    _getenv_init                              - Undefined Weak Reference
    _handle_redirection                       - Undefined Weak Reference
    _init_alloc                               - Undefined Weak Reference
    _init_user_alloc                          - Undefined Weak Reference
    _initio                                   - Undefined Weak Reference
    _rand_init                                - Undefined Weak Reference
    _signal_finish                            - Undefined Weak Reference
    _signal_init                              - Undefined Weak Reference
    _terminate_alloc                          - Undefined Weak Reference
    _terminate_user_alloc                     - Undefined Weak Reference
    _terminateio                              - Undefined Weak Reference
    __Vectors_Size                           0x00000188   Number         0  startup_stm32f40_41xxx.o ABSOLUTE
    __Vectors                                0x08000000   Data           4  startup_stm32f40_41xxx.o(RESET)
    __Vectors_End                            0x08000188   Data           0  startup_stm32f40_41xxx.o(RESET)
    __main                                   0x08000189   Thumb Code     8  __main.o(!!!main)
    __scatterload                            0x08000191   Thumb Code     0  __scatter.o(!!!scatter)
    __scatterload_rt2                        0x08000191   Thumb Code    44  __scatter.o(!!!scatter)
    __scatterload_rt2_thumb_only             0x08000191   Thumb Code     0  __scatter.o(!!!scatter)
    __scatterload_null                       0x0800019f   Thumb Code     0  __scatter.o(!!!scatter)
    __scatterload_copy                       0x080001c5   Thumb Code    26  __scatter_copy.o(!!handler_copy)
    __scatterload_zeroinit                   0x080001e1   Thumb Code    28  __scatter_zi.o(!!handler_zi)
    __rt_lib_init                            0x080001fd   Thumb Code     0  libinit.o(.ARM.Collect$$libinit$$00000000)
    __rt_lib_init_fp_1                       0x080001ff   Thumb Code     0  libinit2.o(.ARM.Collect$$libinit$$00000001)
    __rt_lib_init_alloca_1                   0x08000203   Thumb Code     0  libinit2.o(.ARM.Collect$$libinit$$0000002E)
    __rt_lib_init_argv_1                     0x08000203   Thumb Code     0  libinit2.o(.ARM.Collect$$libinit$$0000002C)
    __rt_lib_init_atexit_1                   0x08000203   Thumb Code     0  libinit2.o(.ARM.Collect$$libinit$$0000001B)
    __rt_lib_init_clock_1                    0x08000203   Thumb Code     0  libinit2.o(.ARM.Collect$$libinit$$00000021)
    __rt_lib_init_cpp_1                      0x08000203   Thumb Code     0  libinit2.o(.ARM.Collect$$libinit$$00000032)
    __rt_lib_init_exceptions_1               0x08000203   Thumb Code     0  libinit2.o(.ARM.Collect$$libinit$$00000030)
    __rt_lib_init_fp_trap_1                  0x08000203   Thumb Code     0  libinit2.o(.ARM.Collect$$libinit$$0000001F)
    __rt_lib_init_getenv_1                   0x08000203   Thumb Code     0  libinit2.o(.ARM.Collect$$libinit$$00000023)
    __rt_lib_init_heap_1                     0x08000203   Thumb Code     0  libinit2.o(.ARM.Collect$$libinit$$0000000A)
    __rt_lib_init_lc_collate_1               0x08000203   Thumb Code     0  libinit2.o(.ARM.Collect$$libinit$$00000011)
    __rt_lib_init_lc_ctype_1                 0x08000203   Thumb Code     0  libinit2.o(.ARM.Collect$$libinit$$00000013)
    __rt_lib_init_lc_monetary_1              0x08000203   Thumb Code     0  libinit2.o(.ARM.Collect$$libinit$$00000015)
    __rt_lib_init_lc_numeric_1               0x08000203   Thumb Code     0  libinit2.o(.ARM.Collect$$libinit$$00000017)
    __rt_lib_init_lc_time_1                  0x08000203   Thumb Code     0  libinit2.o(.ARM.Collect$$libinit$$00000019)
    __rt_lib_init_preinit_1                  0x08000203   Thumb Code     0  libinit2.o(.ARM.Collect$$libinit$$00000004)
    __rt_lib_init_rand_1                     0x08000203   Thumb Code     0  libinit2.o(.ARM.Collect$$libinit$$0000000E)
    __rt_lib_init_return                     0x08000203   Thumb Code     0  libinit2.o(.ARM.Collect$$libinit$$00000033)
    __rt_lib_init_signal_1                   0x08000203   Thumb Code     0  libinit2.o(.ARM.Collect$$libinit$$0000001D)
    __rt_lib_init_stdio_1                    0x08000203   Thumb Code     0  libinit2.o(.ARM.Collect$$libinit$$00000025)
    __rt_lib_init_user_alloc_1               0x08000203   Thumb Code     0  libinit2.o(.ARM.Collect$$libinit$$0000000C)
    __rt_lib_shutdown                        0x08000205   Thumb Code     0  libshutdown.o(.ARM.Collect$$libshutdown$$00000000)
    __rt_lib_shutdown_cpp_1                  0x08000207   Thumb Code     0  libshutdown2.o(.ARM.Collect$$libshutdown$$00000002)
    __rt_lib_shutdown_fp_trap_1              0x08000207   Thumb Code     0  libshutdown2.o(.ARM.Collect$$libshutdown$$00000007)
    __rt_lib_shutdown_heap_1                 0x08000207   Thumb Code     0  libshutdown2.o(.ARM.Collect$$libshutdown$$0000000F)
    __rt_lib_shutdown_return                 0x08000207   Thumb Code     0  libshutdown2.o(.ARM.Collect$$libshutdown$$00000010)
    __rt_lib_shutdown_signal_1               0x08000207   Thumb Code     0  libshutdown2.o(.ARM.Collect$$libshutdown$$0000000A)
    __rt_lib_shutdown_stdio_1                0x08000207   Thumb Code     0  libshutdown2.o(.ARM.Collect$$libshutdown$$00000004)
    __rt_lib_shutdown_user_alloc_1           0x08000207   Thumb Code     0  libshutdown2.o(.ARM.Collect$$libshutdown$$0000000C)
    __rt_entry                               0x08000209   Thumb Code     0  __rtentry.o(.ARM.Collect$$rtentry$$00000000)
    __rt_entry_presh_1                       0x08000209   Thumb Code     0  __rtentry2.o(.ARM.Collect$$rtentry$$00000002)
    __rt_entry_sh                            0x08000209   Thumb Code     0  __rtentry4.o(.ARM.Collect$$rtentry$$00000004)
    __rt_entry_li                            0x0800020f   Thumb Code     0  __rtentry2.o(.ARM.Collect$$rtentry$$0000000A)
    __rt_entry_postsh_1                      0x0800020f   Thumb Code     0  __rtentry2.o(.ARM.Collect$$rtentry$$00000009)
    __rt_entry_main                          0x08000213   Thumb Code     0  __rtentry2.o(.ARM.Collect$$rtentry$$0000000D)
    __rt_entry_postli_1                      0x08000213   Thumb Code     0  __rtentry2.o(.ARM.Collect$$rtentry$$0000000C)
    __rt_exit                                0x0800021b   Thumb Code     0  rtexit.o(.ARM.Collect$$rtexit$$00000000)
    __rt_exit_ls                             0x0800021d   Thumb Code     0  rtexit2.o(.ARM.Collect$$rtexit$$00000003)
    __rt_exit_prels_1                        0x0800021d   Thumb Code     0  rtexit2.o(.ARM.Collect$$rtexit$$00000002)
    __rt_exit_exit                           0x08000221   Thumb Code     0  rtexit2.o(.ARM.Collect$$rtexit$$00000004)
    Reset_Handler                            0x08000229   Thumb Code     8  startup_stm32f40_41xxx.o(.text)
    ADC_IRQHandler                           0x08000243   Thumb Code     0  startup_stm32f40_41xxx.o(.text)
    CAN1_RX0_IRQHandler                      0x08000243   Thumb Code     0  startup_stm32f40_41xxx.o(.text)
    CAN1_RX1_IRQHandler                      0x08000243   Thumb Code     0  startup_stm32f40_41xxx.o(.text)
    CAN1_SCE_IRQHandler                      0x08000243   Thumb Code     0  startup_stm32f40_41xxx.o(.text)
    CAN1_TX_IRQHandler                       0x08000243   Thumb Code     0  startup_stm32f40_41xxx.o(.text)
    CAN2_RX0_IRQHandler                      0x08000243   Thumb Code     0  startup_stm32f40_41xxx.o(.text)
    CAN2_RX1_IRQHandler                      0x08000243   Thumb Code     0  startup_stm32f40_41xxx.o(.text)
    CAN2_SCE_IRQHandler                      0x08000243   Thumb Code     0  startup_stm32f40_41xxx.o(.text)
    CAN2_TX_IRQHandler                       0x08000243   Thumb Code     0  startup_stm32f40_41xxx.o(.text)
    CRYP_IRQHandler                          0x08000243   Thumb Code     0  startup_stm32f40_41xxx.o(.text)
    DCMI_IRQHandler                          0x08000243   Thumb Code     0  startup_stm32f40_41xxx.o(.text)
    DMA1_Stream0_IRQHandler                  0x08000243   Thumb Code     0  startup_stm32f40_41xxx.o(.text)
    DMA1_Stream1_IRQHandler                  0x08000243   Thumb Code     0  startup_stm32f40_41xxx.o(.text)
    DMA1_Stream2_IRQHandler                  0x08000243   Thumb Code     0  startup_stm32f40_41xxx.o(.text)
    DMA1_Stream3_IRQHandler                  0x08000243   Thumb Code     0  startup_stm32f40_41xxx.o(.text)
    DMA1_Stream4_IRQHandler                  0x08000243   Thumb Code     0  startup_stm32f40_41xxx.o(.text)
    DMA1_Stream5_IRQHandler                  0x08000243   Thumb Code     0  startup_stm32f40_41xxx.o(.text)
    DMA1_Stream6_IRQHandler                  0x08000243   Thumb Code     0  startup_stm32f40_41xxx.o(.text)
    DMA1_Stream7_IRQHandler                  0x08000243   Thumb Code     0  startup_stm32f40_41xxx.o(.text)
    DMA2_Stream0_IRQHandler                  0x08000243   Thumb Code     0  startup_stm32f40_41xxx.o(.text)
    DMA2_Stream1_IRQHandler                  0x08000243   Thumb Code     0  startup_stm32f40_41xxx.o(.text)
    DMA2_Stream2_IRQHandler                  0x08000243   Thumb Code     0  startup_stm32f40_41xxx.o(.text)
    DMA2_Stream3_IRQHandler                  0x08000243   Thumb Code     0  startup_stm32f40_41xxx.o(.text)
    DMA2_Stream4_IRQHandler                  0x08000243   Thumb Code     0  startup_stm32f40_41xxx.o(.text)
    DMA2_Stream5_IRQHandler                  0x08000243   Thumb Code     0  startup_stm32f40_41xxx.o(.text)
    DMA2_Stream6_IRQHandler                  0x08000243   Thumb Code     0  startup_stm32f40_41xxx.o(.text)
    DMA2_Stream7_IRQHandler                  0x08000243   Thumb Code     0  startup_stm32f40_41xxx.o(.text)
    ETH_IRQHandler                           0x08000243   Thumb Code     0  startup_stm32f40_41xxx.o(.text)
    ETH_WKUP_IRQHandler                      0x08000243   Thumb Code     0  startup_stm32f40_41xxx.o(.text)
    EXTI0_IRQHandler                         0x08000243   Thumb Code     0  startup_stm32f40_41xxx.o(.text)
    EXTI15_10_IRQHandler                     0x08000243   Thumb Code     0  startup_stm32f40_41xxx.o(.text)
    EXTI1_IRQHandler                         0x08000243   Thumb Code     0  startup_stm32f40_41xxx.o(.text)
    EXTI2_IRQHandler                         0x08000243   Thumb Code     0  startup_stm32f40_41xxx.o(.text)
    EXTI3_IRQHandler                         0x08000243   Thumb Code     0  startup_stm32f40_41xxx.o(.text)
    EXTI4_IRQHandler                         0x08000243   Thumb Code     0  startup_stm32f40_41xxx.o(.text)
    EXTI9_5_IRQHandler                       0x08000243   Thumb Code     0  startup_stm32f40_41xxx.o(.text)
    FLASH_IRQHandler                         0x08000243   Thumb Code     0  startup_stm32f40_41xxx.o(.text)
    FPU_IRQHandler                           0x08000243   Thumb Code     0  startup_stm32f40_41xxx.o(.text)
    FSMC_IRQHandler                          0x08000243   Thumb Code     0  startup_stm32f40_41xxx.o(.text)
    HASH_RNG_IRQHandler                      0x08000243   Thumb Code     0  startup_stm32f40_41xxx.o(.text)
    I2C1_ER_IRQHandler                       0x08000243   Thumb Code     0  startup_stm32f40_41xxx.o(.text)
    I2C1_EV_IRQHandler                       0x08000243   Thumb Code     0  startup_stm32f40_41xxx.o(.text)
    I2C2_ER_IRQHandler                       0x08000243   Thumb Code     0  startup_stm32f40_41xxx.o(.text)
    I2C2_EV_IRQHandler                       0x08000243   Thumb Code     0  startup_stm32f40_41xxx.o(.text)
    I2C3_ER_IRQHandler                       0x08000243   Thumb Code     0  startup_stm32f40_41xxx.o(.text)
    I2C3_EV_IRQHandler                       0x08000243   Thumb Code     0  startup_stm32f40_41xxx.o(.text)
    OTG_FS_IRQHandler                        0x08000243   Thumb Code     0  startup_stm32f40_41xxx.o(.text)
    OTG_FS_WKUP_IRQHandler                   0x08000243   Thumb Code     0  startup_stm32f40_41xxx.o(.text)
    OTG_HS_EP1_IN_IRQHandler                 0x08000243   Thumb Code     0  startup_stm32f40_41xxx.o(.text)
    OTG_HS_EP1_OUT_IRQHandler                0x08000243   Thumb Code     0  startup_stm32f40_41xxx.o(.text)
    OTG_HS_IRQHandler                        0x08000243   Thumb Code     0  startup_stm32f40_41xxx.o(.text)
    OTG_HS_WKUP_IRQHandler                   0x08000243   Thumb Code     0  startup_stm32f40_41xxx.o(.text)
    PVD_IRQHandler                           0x08000243   Thumb Code     0  startup_stm32f40_41xxx.o(.text)
    RCC_IRQHandler                           0x08000243   Thumb Code     0  startup_stm32f40_41xxx.o(.text)
    RTC_Alarm_IRQHandler                     0x08000243   Thumb Code     0  startup_stm32f40_41xxx.o(.text)
    RTC_WKUP_IRQHandler                      0x08000243   Thumb Code     0  startup_stm32f40_41xxx.o(.text)
    SDIO_IRQHandler                          0x08000243   Thumb Code     0  startup_stm32f40_41xxx.o(.text)
    SPI1_IRQHandler                          0x08000243   Thumb Code     0  startup_stm32f40_41xxx.o(.text)
    SPI2_IRQHandler                          0x08000243   Thumb Code     0  startup_stm32f40_41xxx.o(.text)
    SPI3_IRQHandler                          0x08000243   Thumb Code     0  startup_stm32f40_41xxx.o(.text)
    TAMP_STAMP_IRQHandler                    0x08000243   Thumb Code     0  startup_stm32f40_41xxx.o(.text)
    TIM1_BRK_TIM9_IRQHandler                 0x08000243   Thumb Code     0  startup_stm32f40_41xxx.o(.text)
    TIM1_CC_IRQHandler                       0x08000243   Thumb Code     0  startup_stm32f40_41xxx.o(.text)
    TIM1_TRG_COM_TIM11_IRQHandler            0x08000243   Thumb Code     0  startup_stm32f40_41xxx.o(.text)
    TIM1_UP_TIM10_IRQHandler                 0x08000243   Thumb Code     0  startup_stm32f40_41xxx.o(.text)
    TIM2_IRQHandler                          0x08000243   Thumb Code     0  startup_stm32f40_41xxx.o(.text)
    TIM3_IRQHandler                          0x08000243   Thumb Code     0  startup_stm32f40_41xxx.o(.text)
    TIM4_IRQHandler                          0x08000243   Thumb Code     0  startup_stm32f40_41xxx.o(.text)
    TIM5_IRQHandler                          0x08000243   Thumb Code     0  startup_stm32f40_41xxx.o(.text)
    TIM6_DAC_IRQHandler                      0x08000243   Thumb Code     0  startup_stm32f40_41xxx.o(.text)
    TIM8_BRK_TIM12_IRQHandler                0x08000243   Thumb Code     0  startup_stm32f40_41xxx.o(.text)
    TIM8_CC_IRQHandler                       0x08000243   Thumb Code     0  startup_stm32f40_41xxx.o(.text)
    TIM8_TRG_COM_TIM14_IRQHandler            0x08000243   Thumb Code     0  startup_stm32f40_41xxx.o(.text)
    TIM8_UP_TIM13_IRQHandler                 0x08000243   Thumb Code     0  startup_stm32f40_41xxx.o(.text)
    UART4_IRQHandler                         0x08000243   Thumb Code     0  startup_stm32f40_41xxx.o(.text)
    UART5_IRQHandler                         0x08000243   Thumb Code     0  startup_stm32f40_41xxx.o(.text)
    USART2_IRQHandler                        0x08000243   Thumb Code     0  startup_stm32f40_41xxx.o(.text)
    USART3_IRQHandler                        0x08000243   Thumb Code     0  startup_stm32f40_41xxx.o(.text)
    USART6_IRQHandler                        0x08000243   Thumb Code     0  startup_stm32f40_41xxx.o(.text)
    WWDG_IRQHandler                          0x08000243   Thumb Code     0  startup_stm32f40_41xxx.o(.text)
    __user_initial_stackheap                 0x08000245   Thumb Code     0  startup_stm32f40_41xxx.o(.text)
    strcpy                                   0x08000269   Thumb Code    72  strcpy.o(.text)
    __use_two_region_memory                  0x080002b1   Thumb Code     2  heapauxi.o(.text)
    __rt_heap_escrow$2region                 0x080002b3   Thumb Code     2  heapauxi.o(.text)
    __rt_heap_expand$2region                 0x080002b5   Thumb Code     2  heapauxi.o(.text)
    __read_errno                             0x080002b7   Thumb Code    10  _rserrno.o(.text)
    __set_errno                              0x080002c1   Thumb Code    12  _rserrno.o(.text)
    __aeabi_errno_addr                       0x080002cd   Thumb Code     8  rt_errno_addr_intlibspace.o(.text)
    __errno$intlibspace                      0x080002cd   Thumb Code     0  rt_errno_addr_intlibspace.o(.text)
    __rt_errno_addr$intlibspace              0x080002cd   Thumb Code     0  rt_errno_addr_intlibspace.o(.text)
    __user_libspace                          0x080002d5   Thumb Code     8  libspace.o(.text)
    __user_perproc_libspace                  0x080002d5   Thumb Code     0  libspace.o(.text)
    __user_perthread_libspace                0x080002d5   Thumb Code     0  libspace.o(.text)
    __user_setup_stackheap                   0x080002dd   Thumb Code    74  sys_stackheap_outer.o(.text)
    exit                                     0x08000327   Thumb Code    18  exit.o(.text)
    _sys_exit                                0x08000339   Thumb Code     8  sys_exit.o(.text)
    __I$use$semihosting                      0x08000345   Thumb Code     0  use_no_semi.o(.text)
    __use_no_semihosting_swi                 0x08000345   Thumb Code     2  use_no_semi.o(.text)
    __semihosting_library_function           0x08000347   Thumb Code     0  indicate_semi.o(.text)
    ADC1_Init                                0x08000349   Thumb Code   124  adc.o(i.ADC1_Init)
    ADC_Cmd                                  0x080003cd   Thumb Code    22  stm32f4xx_adc.o(i.ADC_Cmd)
    ADC_CommonInit                           0x080003e5   Thumb Code    34  stm32f4xx_adc.o(i.ADC_CommonInit)
    ADC_GetConversionValue                   0x08000415   Thumb Code     8  stm32f4xx_adc.o(i.ADC_GetConversionValue)
    ADC_GetFlagStatus                        0x0800041d   Thumb Code    18  stm32f4xx_adc.o(i.ADC_GetFlagStatus)
    ADC_Init                                 0x08000431   Thumb Code    74  stm32f4xx_adc.o(i.ADC_Init)
    ADC_RegularChannelConfig                 0x08000485   Thumb Code   184  stm32f4xx_adc.o(i.ADC_RegularChannelConfig)
    ADC_SoftwareStartConv                    0x0800053d   Thumb Code    10  stm32f4xx_adc.o(i.ADC_SoftwareStartConv)
    BusFault_Handler                         0x08000547   Thumb Code     4  stm32f4xx_it.o(i.BusFault_Handler)
    Control_20ms                             0x0800054d   Thumb Code   162  main_control.o(i.Control_20ms)
    Control_main                             0x08000609   Thumb Code    54  main_control.o(i.Control_main)
    DebugMon_Handler                         0x08000655   Thumb Code     2  stm32f4xx_it.o(i.DebugMon_Handler)
    FSMC_NORSRAMCmd                          0x08000659   Thumb Code    46  stm32f4xx_fsmc.o(i.FSMC_NORSRAMCmd)
    FSMC_NORSRAMInit                         0x0800068d   Thumb Code   230  stm32f4xx_fsmc.o(i.FSMC_NORSRAMInit)
    GET_HX711                                0x08000775   Thumb Code   150  hx711.o(i.GET_HX711)
    GET_TP_XY                                0x08000811   Thumb Code   192  touch.o(i.GET_TP_XY)
    GET_d_by_adc                             0x080008f1   Thumb Code   160  handle.o(i.GET_d_by_adc)
    GET_length_exp                           0x080009a5   Thumb Code    70  handle.o(i.GET_length_exp)
    GET_length_n                             0x08000a05   Thumb Code   286  handle.o(i.GET_length_n)
    GET_touch_key                            0x08000b79   Thumb Code   598  slave_computer.o(i.GET_touch_key)
    GPIO_Init                                0x08000ddd   Thumb Code   144  stm32f4xx_gpio.o(i.GPIO_Init)
    GPIO_PinAFConfig                         0x08000e6d   Thumb Code    70  stm32f4xx_gpio.o(i.GPIO_PinAFConfig)
    GPIO_ReadInputDataBit                    0x08000eb3   Thumb Code    18  stm32f4xx_gpio.o(i.GPIO_ReadInputDataBit)
    GPIO_ReadOutputDataBit                   0x08000ec5   Thumb Code    18  stm32f4xx_gpio.o(i.GPIO_ReadOutputDataBit)
    GPIO_ResetBits                           0x08000ed7   Thumb Code     4  stm32f4xx_gpio.o(i.GPIO_ResetBits)
    GPIO_SetBits                             0x08000edb   Thumb Code     4  stm32f4xx_gpio.o(i.GPIO_SetBits)
    Get_ADC1                                 0x08000ee1   Thumb Code    44  adc.o(i.Get_ADC1)
    Get_ADC1_Average                         0x08000f11   Thumb Code    46  adc.o(i.Get_ADC1_Average)
    HX711_Init                               0x08000f41   Thumb Code    74  hx711.o(i.HX711_Init)
    HardFault_Handler                        0x08000f91   Thumb Code     4  stm32f4xx_it.o(i.HardFault_Handler)
    LCD_Clear                                0x08000f95   Thumb Code   100  lcd.o(i.LCD_Clear)
    LCD_Display_Dir                          0x08001001   Thumb Code   364  lcd.o(i.LCD_Display_Dir)
    LCD_DrawLine                             0x08001171   Thumb Code   176  lcd.o(i.LCD_DrawLine)
    LCD_DrawPoint                            0x08001221   Thumb Code    28  lcd.o(i.LCD_DrawPoint)
    LCD_DrawRectangle                        0x08001245   Thumb Code    60  lcd.o(i.LCD_DrawRectangle)
    LCD_Fast_DrawPoint                       0x08001281   Thumb Code   276  lcd.o(i.LCD_Fast_DrawPoint)
    LCD_Fill                                 0x0800139d   Thumb Code   178  lcd.o(i.LCD_Fill)
    LCD_Init                                 0x08001459   Thumb Code 14094  lcd.o(i.LCD_Init)
    LCD_Pow                                  0x08004b71   Thumb Code    22  lcd.o(i.LCD_Pow)
    LCD_RD_DATA                              0x08004b89   Thumb Code    14  lcd.o(i.LCD_RD_DATA)
    LCD_ReadReg                              0x08004b9d   Thumb Code    22  lcd.o(i.LCD_ReadReg)
    LCD_Scan_Dir                             0x08004bb5   Thumb Code   726  lcd.o(i.LCD_Scan_Dir)
    LCD_SetCursor                            0x08004e91   Thumb Code   262  lcd.o(i.LCD_SetCursor)
    LCD_ShowChar                             0x08004f9d   Thumb Code   272  lcd.o(i.LCD_ShowChar)
    LCD_ShowInt                              0x080050c5   Thumb Code   228  lcd.o(i.LCD_ShowInt)
    LCD_ShowNum                              0x080051a9   Thumb Code   148  lcd.o(i.LCD_ShowNum)
    LCD_ShowString                           0x0800523d   Thumb Code   102  lcd.o(i.LCD_ShowString)
    LCD_WR_DATA                              0x080052a5   Thumb Code    18  lcd.o(i.LCD_WR_DATA)
    LCD_WR_REG                               0x080052bd   Thumb Code    18  lcd.o(i.LCD_WR_REG)
    LCD_WriteRAM_Prepare                     0x080052d5   Thumb Code    10  lcd.o(i.LCD_WriteRAM_Prepare)
    LCD_WriteReg                             0x080052e9   Thumb Code    20  lcd.o(i.LCD_WriteReg)
    LED_Change                               0x08005301   Thumb Code    34  led.o(i.LED_Change)
    MOTOR_Init                               0x08005329   Thumb Code   198  motor.o(i.MOTOR_Init)
    MOTOR_Set                                0x080053f9   Thumb Code    62  motor.o(i.MOTOR_Set)
    MemManage_Handler                        0x0800543d   Thumb Code     4  stm32f4xx_it.o(i.MemManage_Handler)
    NMI_Handler                              0x08005441   Thumb Code     2  stm32f4xx_it.o(i.NMI_Handler)
    NVIC_Init                                0x08005445   Thumb Code   106  misc.o(i.NVIC_Init)
    PID_Compulate                            0x080054bd   Thumb Code   534  pid.o(i.PID_Compulate)
    PID_param_Init                           0x080056dd   Thumb Code    52  pid.o(i.PID_param_Init)
    PID_param_Reset                          0x0800573d   Thumb Code    82  pid.o(i.PID_param_Reset)
    Page                                     0x08005799   Thumb Code   254  slave_computer.o(i.Page)
    Page_1                                   0x080058a9   Thumb Code   494  slave_computer.o(i.Page_1)
    Page_2                                   0x08005b75   Thumb Code   296  slave_computer.o(i.Page_2)
    PendSV_Handler                           0x08005cc9   Thumb Code     2  stm32f4xx_it.o(i.PendSV_Handler)
    RCC_AHB1PeriphClockCmd                   0x08005ccd   Thumb Code    26  stm32f4xx_rcc.o(i.RCC_AHB1PeriphClockCmd)
    RCC_AHB3PeriphClockCmd                   0x08005ced   Thumb Code    26  stm32f4xx_rcc.o(i.RCC_AHB3PeriphClockCmd)
    RCC_APB1PeriphClockCmd                   0x08005d0d   Thumb Code    26  stm32f4xx_rcc.o(i.RCC_APB1PeriphClockCmd)
    RCC_APB2PeriphClockCmd                   0x08005d2d   Thumb Code    26  stm32f4xx_rcc.o(i.RCC_APB2PeriphClockCmd)
    RCC_APB2PeriphResetCmd                   0x08005d4d   Thumb Code    26  stm32f4xx_rcc.o(i.RCC_APB2PeriphResetCmd)
    RCC_GetClocksFreq                        0x08005d6d   Thumb Code   214  stm32f4xx_rcc.o(i.RCC_GetClocksFreq)
    SHOW_Pages                               0x08005e55   Thumb Code   630  slave_computer.o(i.SHOW_Pages)
    SQUARE_Init                              0x08006159   Thumb Code   158  square.o(i.SQUARE_Init)
    STM32_Init                               0x08006201   Thumb Code    52  public.o(i.STM32_Init)
    SVC_Handler                              0x08006235   Thumb Code     2  stm32f4xx_it.o(i.SVC_Handler)
    SysTick_Handler                          0x08006325   Thumb Code     2  stm32f4xx_it.o(i.SysTick_Handler)
    SystemInit                               0x08006329   Thumb Code    88  system_stm32f4xx.o(i.SystemInit)
    TIM7_IRQHandler                          0x08006391   Thumb Code    28  tim.o(i.TIM7_IRQHandler)
    TIM_20ms_Init                            0x080063b1   Thumb Code    92  tim.o(i.TIM_20ms_Init)
    TIM_ARRPreloadConfig                     0x08006411   Thumb Code    24  stm32f4xx_tim.o(i.TIM_ARRPreloadConfig)
    TIM_ClearITPendingBit                    0x08006429   Thumb Code     6  stm32f4xx_tim.o(i.TIM_ClearITPendingBit)
    TIM_Cmd                                  0x0800642f   Thumb Code    24  stm32f4xx_tim.o(i.TIM_Cmd)
    TIM_GetITStatus                          0x08006447   Thumb Code    34  stm32f4xx_tim.o(i.TIM_GetITStatus)
    TIM_ITConfig                             0x08006469   Thumb Code    18  stm32f4xx_tim.o(i.TIM_ITConfig)
    TIM_OC1Init                              0x0800647d   Thumb Code   114  stm32f4xx_tim.o(i.TIM_OC1Init)
    TIM_OC1PreloadConfig                     0x080064f9   Thumb Code    18  stm32f4xx_tim.o(i.TIM_OC1PreloadConfig)
    TIM_OC2Init                              0x0800650d   Thumb Code   154  stm32f4xx_tim.o(i.TIM_OC2Init)
    TIM_OC2PolarityConfig                    0x080065b1   Thumb Code    26  stm32f4xx_tim.o(i.TIM_OC2PolarityConfig)
    TIM_OC2PreloadConfig                     0x080065cb   Thumb Code    26  stm32f4xx_tim.o(i.TIM_OC2PreloadConfig)
    TIM_SetCompare1                          0x080065e5   Thumb Code     4  stm32f4xx_tim.o(i.TIM_SetCompare1)
    TIM_SetCompare2                          0x080065e9   Thumb Code     4  stm32f4xx_tim.o(i.TIM_SetCompare2)
    TIM_TimeBaseInit                         0x080065ed   Thumb Code   104  stm32f4xx_tim.o(i.TIM_TimeBaseInit)
    TP_Init                                  0x08006671   Thumb Code    92  touch.o(i.TP_Init)
    TP_Read_AD                               0x080066d9   Thumb Code   170  touch.o(i.TP_Read_AD)
    TP_Read_XOY                              0x08006789   Thumb Code   120  touch.o(i.TP_Read_XOY)
    TP_Read_XY                               0x08006801   Thumb Code    38  touch.o(i.TP_Read_XY)
    TP_Read_XY2                              0x08006831   Thumb Code   192  touch.o(i.TP_Read_XY2)
    TP_Scan                                  0x080068f1   Thumb Code   234  touch.o(i.TP_Scan)
    TP_Write_Byte                            0x080069e5   Thumb Code    78  touch.o(i.TP_Write_Byte)
    USART1_IRQHandler                        0x08006a39   Thumb Code    36  usart.o(i.USART1_IRQHandler)
    USART1_Init                              0x08006a61   Thumb Code   182  usart.o(i.USART1_Init)
    USART_Cmd                                0x08006b21   Thumb Code    24  stm32f4xx_usart.o(i.USART_Cmd)
    USART_GetFlagStatus                      0x08006b39   Thumb Code    26  stm32f4xx_usart.o(i.USART_GetFlagStatus)
    USART_ITConfig                           0x08006b53   Thumb Code    74  stm32f4xx_usart.o(i.USART_ITConfig)
    USART_Init                               0x08006b9d   Thumb Code   204  stm32f4xx_usart.o(i.USART_Init)
    USART_ReceiveData                        0x08006c71   Thumb Code    10  stm32f4xx_usart.o(i.USART_ReceiveData)
    USART_Send                               0x08006c7b   Thumb Code    86  usart.o(i.USART_Send)
    USART_SendData                           0x08006cd1   Thumb Code     8  stm32f4xx_usart.o(i.USART_SendData)
    UsageFault_Handler                       0x08006cd9   Thumb Code     4  stm32f4xx_it.o(i.UsageFault_Handler)
    __ARM_fpclassify                         0x08006cdd   Thumb Code    48  fpclassify.o(i.__ARM_fpclassify)
    __hardfp_fabs                            0x08006d0d   Thumb Code    20  fabs.o(i.__hardfp_fabs)
    __hardfp_pow                             0x08006d21   Thumb Code  3072  pow.o(i.__hardfp_pow)
    __kernel_poly                            0x08007971   Thumb Code   248  poly.o(i.__kernel_poly)
    __mathlib_dbl_divzero                    0x08007a69   Thumb Code    28  dunder.o(i.__mathlib_dbl_divzero)
    __mathlib_dbl_infnan2                    0x08007a99   Thumb Code    20  dunder.o(i.__mathlib_dbl_infnan2)
    __mathlib_dbl_invalid                    0x08007ab1   Thumb Code    24  dunder.o(i.__mathlib_dbl_invalid)
    __mathlib_dbl_overflow                   0x08007ad1   Thumb Code    24  dunder.o(i.__mathlib_dbl_overflow)
    __mathlib_dbl_underflow                  0x08007af1   Thumb Code    24  dunder.o(i.__mathlib_dbl_underflow)
    data_op                                  0x08007b11   Thumb Code   222  slave_computer.o(i.data_op)
    delay_ms                                 0x08007c01   Thumb Code    72  delay.o(i.delay_ms)
    delay_us                                 0x08007c49   Thumb Code    74  delay.o(i.delay_us)
    fabs                                     0x08007c93   Thumb Code    24  fabs.o(i.fabs)
    main                                     0x08007cab   Thumb Code    16  main.o(i.main)
    sqrt                                     0x08007cbb   Thumb Code   110  sqrt.o(i.sqrt)
    __aeabi_dneg                             0x08007d29   Thumb Code     0  basic.o(x$fpl$basic)
    _dneg                                    0x08007d29   Thumb Code     6  basic.o(x$fpl$basic)
    __aeabi_fneg                             0x08007d2f   Thumb Code     0  basic.o(x$fpl$basic)
    _fneg                                    0x08007d2f   Thumb Code     6  basic.o(x$fpl$basic)
    _dabs                                    0x08007d35   Thumb Code     6  basic.o(x$fpl$basic)
    _fabs                                    0x08007d3b   Thumb Code     6  basic.o(x$fpl$basic)
    __aeabi_dadd                             0x08007d41   Thumb Code     0  daddsub_clz.o(x$fpl$dadd)
    _dadd                                    0x08007d41   Thumb Code   332  daddsub_clz.o(x$fpl$dadd)
    __fpl_dcheck_NaN1                        0x08007e91   Thumb Code    10  dcheck1.o(x$fpl$dcheck1)
    __fpl_dcmp_Inf                           0x08007ea1   Thumb Code    24  dcmpi.o(x$fpl$dcmpinf)
    __aeabi_ddiv                             0x08007eb9   Thumb Code     0  ddiv.o(x$fpl$ddiv)
    _ddiv                                    0x08007eb9   Thumb Code   552  ddiv.o(x$fpl$ddiv)
    __aeabi_d2iz                             0x08008169   Thumb Code     0  dfix.o(x$fpl$dfix)
    _dfix                                    0x08008169   Thumb Code    94  dfix.o(x$fpl$dfix)
    __aeabi_d2uiz                            0x080081c9   Thumb Code     0  dfixu.o(x$fpl$dfixu)
    _dfixu                                   0x080081c9   Thumb Code    90  dfixu.o(x$fpl$dfixu)
    __aeabi_i2d                              0x08008223   Thumb Code     0  dflt_clz.o(x$fpl$dflt)
    _dflt                                    0x08008223   Thumb Code    46  dflt_clz.o(x$fpl$dflt)
    __aeabi_ui2d                             0x08008251   Thumb Code     0  dflt_clz.o(x$fpl$dfltu)
    _dfltu                                   0x08008251   Thumb Code    38  dflt_clz.o(x$fpl$dfltu)
    __aeabi_cdcmple                          0x08008279   Thumb Code     0  dleqf.o(x$fpl$dleqf)
    _dcmple                                  0x08008279   Thumb Code   120  dleqf.o(x$fpl$dleqf)
    __fpl_dcmple_InfNaN                      0x080082db   Thumb Code     0  dleqf.o(x$fpl$dleqf)
    __aeabi_dmul                             0x080082f1   Thumb Code     0  dmul.o(x$fpl$dmul)
    _dmul                                    0x080082f1   Thumb Code   332  dmul.o(x$fpl$dmul)
    __fpl_dnaninf                            0x08008445   Thumb Code   156  dnaninf.o(x$fpl$dnaninf)
    __fpl_dretinf                            0x080084e1   Thumb Code    12  dretinf.o(x$fpl$dretinf)
    __aeabi_cdrcmple                         0x080084ed   Thumb Code     0  drleqf.o(x$fpl$drleqf)
    _drcmple                                 0x080084ed   Thumb Code   108  drleqf.o(x$fpl$drleqf)
    __aeabi_drsub                            0x08008559   Thumb Code     0  daddsub_clz.o(x$fpl$drsb)
    _drsb                                    0x08008559   Thumb Code    22  daddsub_clz.o(x$fpl$drsb)
    _dsqrt                                   0x08008571   Thumb Code   404  dsqrt_umaal.o(x$fpl$dsqrt)
    __aeabi_dsub                             0x08008709   Thumb Code     0  daddsub_clz.o(x$fpl$dsub)
    _dsub                                    0x08008709   Thumb Code   464  daddsub_clz.o(x$fpl$dsub)
    _fp_init                                 0x080088dd   Thumb Code    10  fpinit.o(x$fpl$fpinit)
    __fplib_config_fpu_vfp                   0x080088e5   Thumb Code     0  fpinit.o(x$fpl$fpinit)
    __fplib_config_pureend_doubles           0x080088e5   Thumb Code     0  fpinit.o(x$fpl$fpinit)
    __fpl_return_NaN                         0x080088e7   Thumb Code   100  retnan.o(x$fpl$retnan)
    __ARM_scalbn                             0x0800894b   Thumb Code    92  scalbn.o(x$fpl$scalbn)
    __fpl_cmpreturn                          0x080089a7   Thumb Code    48  trapv.o(x$fpl$trapveneer)
    __I$use$fp                               0x080089d6   Number         0  usenofp.o(x$fpl$usenofp)
    asc2_1206                                0x080089d6   Data        1140  lcd.o(.constdata)
    asc2_1608                                0x08008e4a   Data        1520  lcd.o(.constdata)
    asc2_2412                                0x0800943a   Data        3420  lcd.o(.constdata)
    __mathlib_zero                           0x0800a220   Data           8  qnan.o(.constdata)
    Region$$Table$$Base                      0x0800a228   Number         0  anon$$obj.o(Region$$Table)
    Region$$Table$$Limit                     0x0800a248   Number         0  anon$$obj.o(Region$$Table)
    POINT_COLOR                              0x20000000   Data           2  lcd.o(.data)
    BACK_COLOR                               0x20000002   Data           2  lcd.o(.data)
    tp_dev                                   0x20000004   Data          48  touch.o(.data)
    CMD_RDX                                  0x20000034   Data           1  touch.o(.data)
    CMD_RDY                                  0x20000035   Data           1  touch.o(.data)
    adc_0                                    0x20000036   Data           2  main_control.o(.data)
    adc_1                                    0x20000038   Data           2  main_control.o(.data)
    mode                                     0x2000003a   Data           1  main_control.o(.data)
    page_now                                 0x20000040   Data           1  slave_computer.o(.data)
    line_now                                 0x20000041   Data           1  slave_computer.o(.data)
    data_now                                 0x20000042   Data           1  slave_computer.o(.data)
    touch_key                                0x20000043   Data           1  slave_computer.o(.data)
    touch_flag                               0x20000044   Data           1  slave_computer.o(.data)
    test_data                                0x20000045   Data           1  slave_computer.o(.data)
    clear_flag                               0x20000046   Data           1  slave_computer.o(.data)
    is_touch                                 0x20000047   Data           1  slave_computer.o(.data)
    pwm_now                                  0x20000048   Data           4  slave_computer.o(.data)
    start                                    0x2000004c   Data           1  slave_computer.o(.data)
    data_line                                0x2000004d   Data          13  slave_computer.o(.data)
    clear                                    0x2000005a   Data           1  slave_computer.o(.data)
    d_adc                                    0x20000060   Data           8  slave_computer.o(.data)
    length_n                                 0x20000068   Data           8  slave_computer.o(.data)
    length_exp                               0x20000070   Data           8  slave_computer.o(.data)
    adc_weight                               0x20000078   Data           4  slave_computer.o(.data)
    adc_weight_erro                          0x2000007c   Data           4  slave_computer.o(.data)
    lcddev                                   0x20000094   Data          14  lcd.o(.bss)
    motor_pwm                                0x200000a8   Data          80  pid.o(.bss)
    name                                     0x200000f8   Data        3315  slave_computer.o(.bss)
    __libspace_start                         0x20000dec   Data          96  libspace.o(.bss)
    __temporary_stack_top$libspace           0x20000e4c   Data           0  libspace.o(.bss)



==============================================================================

Memory Map of the image

  Image Entry point : 0x08000189

  Load Region LR_IROM1 (Base: 0x08000000, Size: 0x0000a2dc, Max: 0x00080000, ABSOLUTE)

    Execution Region ER_IROM1 (Base: 0x08000000, Size: 0x0000a248, Max: 0x00080000, ABSOLUTE)

    Base Addr    Size         Type   Attr      Idx    E Section Name        Object

    0x08000000   0x00000188   Data   RO         1046    RESET               startup_stm32f40_41xxx.o
    0x08000188   0x00000008   Code   RO         2693  * !!!main             c_w.l(__main.o)
    0x08000190   0x00000034   Code   RO         2957    !!!scatter          c_w.l(__scatter.o)
    0x080001c4   0x0000001a   Code   RO         2959    !!handler_copy      c_w.l(__scatter_copy.o)
    0x080001de   0x00000002   PAD
    0x080001e0   0x0000001c   Code   RO         2961    !!handler_zi        c_w.l(__scatter_zi.o)
    0x080001fc   0x00000002   Code   RO         2826    .ARM.Collect$$libinit$$00000000  c_w.l(libinit.o)
    0x080001fe   0x00000004   Code   RO         2831    .ARM.Collect$$libinit$$00000001  c_w.l(libinit2.o)
    0x08000202   0x00000000   Code   RO         2834    .ARM.Collect$$libinit$$00000004  c_w.l(libinit2.o)
    0x08000202   0x00000000   Code   RO         2837    .ARM.Collect$$libinit$$0000000A  c_w.l(libinit2.o)
    0x08000202   0x00000000   Code   RO         2839    .ARM.Collect$$libinit$$0000000C  c_w.l(libinit2.o)
    0x08000202   0x00000000   Code   RO         2841    .ARM.Collect$$libinit$$0000000E  c_w.l(libinit2.o)
    0x08000202   0x00000000   Code   RO         2844    .ARM.Collect$$libinit$$00000011  c_w.l(libinit2.o)
    0x08000202   0x00000000   Code   RO         2846    .ARM.Collect$$libinit$$00000013  c_w.l(libinit2.o)
    0x08000202   0x00000000   Code   RO         2848    .ARM.Collect$$libinit$$00000015  c_w.l(libinit2.o)
    0x08000202   0x00000000   Code   RO         2850    .ARM.Collect$$libinit$$00000017  c_w.l(libinit2.o)
    0x08000202   0x00000000   Code   RO         2852    .ARM.Collect$$libinit$$00000019  c_w.l(libinit2.o)
    0x08000202   0x00000000   Code   RO         2854    .ARM.Collect$$libinit$$0000001B  c_w.l(libinit2.o)
    0x08000202   0x00000000   Code   RO         2856    .ARM.Collect$$libinit$$0000001D  c_w.l(libinit2.o)
    0x08000202   0x00000000   Code   RO         2858    .ARM.Collect$$libinit$$0000001F  c_w.l(libinit2.o)
    0x08000202   0x00000000   Code   RO         2860    .ARM.Collect$$libinit$$00000021  c_w.l(libinit2.o)
    0x08000202   0x00000000   Code   RO         2862    .ARM.Collect$$libinit$$00000023  c_w.l(libinit2.o)
    0x08000202   0x00000000   Code   RO         2864    .ARM.Collect$$libinit$$00000025  c_w.l(libinit2.o)
    0x08000202   0x00000000   Code   RO         2868    .ARM.Collect$$libinit$$0000002C  c_w.l(libinit2.o)
    0x08000202   0x00000000   Code   RO         2870    .ARM.Collect$$libinit$$0000002E  c_w.l(libinit2.o)
    0x08000202   0x00000000   Code   RO         2872    .ARM.Collect$$libinit$$00000030  c_w.l(libinit2.o)
    0x08000202   0x00000000   Code   RO         2874    .ARM.Collect$$libinit$$00000032  c_w.l(libinit2.o)
    0x08000202   0x00000002   Code   RO         2875    .ARM.Collect$$libinit$$00000033  c_w.l(libinit2.o)
    0x08000204   0x00000002   Code   RO         2897    .ARM.Collect$$libshutdown$$00000000  c_w.l(libshutdown.o)
    0x08000206   0x00000000   Code   RO         2910    .ARM.Collect$$libshutdown$$00000002  c_w.l(libshutdown2.o)
    0x08000206   0x00000000   Code   RO         2912    .ARM.Collect$$libshutdown$$00000004  c_w.l(libshutdown2.o)
    0x08000206   0x00000000   Code   RO         2915    .ARM.Collect$$libshutdown$$00000007  c_w.l(libshutdown2.o)
    0x08000206   0x00000000   Code   RO         2918    .ARM.Collect$$libshutdown$$0000000A  c_w.l(libshutdown2.o)
    0x08000206   0x00000000   Code   RO         2920    .ARM.Collect$$libshutdown$$0000000C  c_w.l(libshutdown2.o)
    0x08000206   0x00000000   Code   RO         2923    .ARM.Collect$$libshutdown$$0000000F  c_w.l(libshutdown2.o)
    0x08000206   0x00000002   Code   RO         2924    .ARM.Collect$$libshutdown$$00000010  c_w.l(libshutdown2.o)
    0x08000208   0x00000000   Code   RO         2747    .ARM.Collect$$rtentry$$00000000  c_w.l(__rtentry.o)
    0x08000208   0x00000000   Code   RO         2791    .ARM.Collect$$rtentry$$00000002  c_w.l(__rtentry2.o)
    0x08000208   0x00000006   Code   RO         2803    .ARM.Collect$$rtentry$$00000004  c_w.l(__rtentry4.o)
    0x0800020e   0x00000000   Code   RO         2793    .ARM.Collect$$rtentry$$00000009  c_w.l(__rtentry2.o)
    0x0800020e   0x00000004   Code   RO         2794    .ARM.Collect$$rtentry$$0000000A  c_w.l(__rtentry2.o)
    0x08000212   0x00000000   Code   RO         2796    .ARM.Collect$$rtentry$$0000000C  c_w.l(__rtentry2.o)
    0x08000212   0x00000008   Code   RO         2797    .ARM.Collect$$rtentry$$0000000D  c_w.l(__rtentry2.o)
    0x0800021a   0x00000002   Code   RO         2829    .ARM.Collect$$rtexit$$00000000  c_w.l(rtexit.o)
    0x0800021c   0x00000000   Code   RO         2879    .ARM.Collect$$rtexit$$00000002  c_w.l(rtexit2.o)
    0x0800021c   0x00000004   Code   RO         2880    .ARM.Collect$$rtexit$$00000003  c_w.l(rtexit2.o)
    0x08000220   0x00000006   Code   RO         2881    .ARM.Collect$$rtexit$$00000004  c_w.l(rtexit2.o)
    0x08000226   0x00000002   PAD
    0x08000228   0x00000040   Code   RO         1047    .text               startup_stm32f40_41xxx.o
    0x08000268   0x00000048   Code   RO         2689    .text               c_w.l(strcpy.o)
    0x080002b0   0x00000006   Code   RO         2691    .text               c_w.l(heapauxi.o)
    0x080002b6   0x00000016   Code   RO         2748    .text               c_w.l(_rserrno.o)
    0x080002cc   0x00000008   Code   RO         2808    .text               c_w.l(rt_errno_addr_intlibspace.o)
    0x080002d4   0x00000008   Code   RO         2814    .text               c_w.l(libspace.o)
    0x080002dc   0x0000004a   Code   RO         2817    .text               c_w.l(sys_stackheap_outer.o)
    0x08000326   0x00000012   Code   RO         2819    .text               c_w.l(exit.o)
    0x08000338   0x0000000c   Code   RO         2889    .text               c_w.l(sys_exit.o)
    0x08000344   0x00000002   Code   RO         2900    .text               c_w.l(use_no_semi.o)
    0x08000346   0x00000000   Code   RO         2902    .text               c_w.l(indicate_semi.o)
    0x08000346   0x00000002   PAD
    0x08000348   0x00000084   Code   RO          858    i.ADC1_Init         adc.o
    0x080003cc   0x00000016   Code   RO         2453    i.ADC_Cmd           stm32f4xx_adc.o
    0x080003e2   0x00000002   PAD
    0x080003e4   0x00000030   Code   RO         2454    i.ADC_CommonInit    stm32f4xx_adc.o
    0x08000414   0x00000008   Code   RO         2465    i.ADC_GetConversionValue  stm32f4xx_adc.o
    0x0800041c   0x00000012   Code   RO         2466    i.ADC_GetFlagStatus  stm32f4xx_adc.o
    0x0800042e   0x00000002   PAD
    0x08000430   0x00000054   Code   RO         2473    i.ADC_Init          stm32f4xx_adc.o
    0x08000484   0x000000b8   Code   RO         2478    i.ADC_RegularChannelConfig  stm32f4xx_adc.o
    0x0800053c   0x0000000a   Code   RO         2480    i.ADC_SoftwareStartConv  stm32f4xx_adc.o
    0x08000546   0x00000004   Code   RO          177    i.BusFault_Handler  stm32f4xx_it.o
    0x0800054a   0x00000002   PAD
    0x0800054c   0x000000bc   Code   RO          958    i.Control_20ms      main_control.o
    0x08000608   0x0000004c   Code   RO          959    i.Control_main      main_control.o
    0x08000654   0x00000002   Code   RO          178    i.DebugMon_Handler  stm32f4xx_it.o
    0x08000656   0x00000002   PAD
    0x08000658   0x00000034   Code   RO         2327    i.FSMC_NORSRAMCmd   stm32f4xx_fsmc.o
    0x0800068c   0x000000e6   Code   RO         2329    i.FSMC_NORSRAMInit  stm32f4xx_fsmc.o
    0x08000772   0x00000002   PAD
    0x08000774   0x0000009c   Code   RO          806    i.GET_HX711         hx711.o
    0x08000810   0x000000e0   Code   RO          734    i.GET_TP_XY         touch.o
    0x080008f0   0x000000b4   Code   RO          925    i.GET_d_by_adc      handle.o
    0x080009a4   0x00000060   Code   RO          926    i.GET_length_exp    handle.o
    0x08000a04   0x00000174   Code   RO          927    i.GET_length_n      handle.o
    0x08000b78   0x00000264   Code   RO          988    i.GET_touch_key     slave_computer.o
    0x08000ddc   0x00000090   Code   RO         1425    i.GPIO_Init         stm32f4xx_gpio.o
    0x08000e6c   0x00000046   Code   RO         1426    i.GPIO_PinAFConfig  stm32f4xx_gpio.o
    0x08000eb2   0x00000012   Code   RO         1429    i.GPIO_ReadInputDataBit  stm32f4xx_gpio.o
    0x08000ec4   0x00000012   Code   RO         1431    i.GPIO_ReadOutputDataBit  stm32f4xx_gpio.o
    0x08000ed6   0x00000004   Code   RO         1432    i.GPIO_ResetBits    stm32f4xx_gpio.o
    0x08000eda   0x00000004   Code   RO         1433    i.GPIO_SetBits      stm32f4xx_gpio.o
    0x08000ede   0x00000002   PAD
    0x08000ee0   0x00000030   Code   RO          859    i.Get_ADC1          adc.o
    0x08000f10   0x0000002e   Code   RO          860    i.Get_ADC1_Average  adc.o
    0x08000f3e   0x00000002   PAD
    0x08000f40   0x00000050   Code   RO          807    i.HX711_Init        hx711.o
    0x08000f90   0x00000004   Code   RO          179    i.HardFault_Handler  stm32f4xx_it.o
    0x08000f94   0x0000006c   Code   RO          524    i.LCD_Clear         lcd.o
    0x08001000   0x00000170   Code   RO          528    i.LCD_Display_Dir   lcd.o
    0x08001170   0x000000b0   Code   RO          529    i.LCD_DrawLine      lcd.o
    0x08001220   0x00000024   Code   RO          530    i.LCD_DrawPoint     lcd.o
    0x08001244   0x0000003c   Code   RO          531    i.LCD_DrawRectangle  lcd.o
    0x08001280   0x0000011c   Code   RO          533    i.LCD_Fast_DrawPoint  lcd.o
    0x0800139c   0x000000bc   Code   RO          534    i.LCD_Fill          lcd.o
    0x08001458   0x00003718   Code   RO          535    i.LCD_Init          lcd.o
    0x08004b70   0x00000016   Code   RO          536    i.LCD_Pow           lcd.o
    0x08004b86   0x00000002   PAD
    0x08004b88   0x00000014   Code   RO          537    i.LCD_RD_DATA       lcd.o
    0x08004b9c   0x00000016   Code   RO          539    i.LCD_ReadReg       lcd.o
    0x08004bb2   0x00000002   PAD
    0x08004bb4   0x000002dc   Code   RO          540    i.LCD_Scan_Dir      lcd.o
    0x08004e90   0x0000010c   Code   RO          541    i.LCD_SetCursor     lcd.o
    0x08004f9c   0x00000128   Code   RO          543    i.LCD_ShowChar      lcd.o
    0x080050c4   0x000000e4   Code   RO          544    i.LCD_ShowInt       lcd.o
    0x080051a8   0x00000094   Code   RO          545    i.LCD_ShowNum       lcd.o
    0x0800523c   0x00000066   Code   RO          546    i.LCD_ShowString    lcd.o
    0x080052a2   0x00000002   PAD
    0x080052a4   0x00000018   Code   RO          548    i.LCD_WR_DATA       lcd.o
    0x080052bc   0x00000018   Code   RO          549    i.LCD_WR_REG        lcd.o
    0x080052d4   0x00000014   Code   RO          551    i.LCD_WriteRAM_Prepare  lcd.o
    0x080052e8   0x00000018   Code   RO          552    i.LCD_WriteReg      lcd.o
    0x08005300   0x00000028   Code   RO          479    i.LED_Change        led.o
    0x08005328   0x000000d0   Code   RO          832    i.MOTOR_Init        motor.o
    0x080053f8   0x00000044   Code   RO          833    i.MOTOR_Set         motor.o
    0x0800543c   0x00000004   Code   RO          180    i.MemManage_Handler  stm32f4xx_it.o
    0x08005440   0x00000002   Code   RO          181    i.NMI_Handler       stm32f4xx_it.o
    0x08005442   0x00000002   PAD
    0x08005444   0x00000078   Code   RO         1522    i.NVIC_Init         misc.o
    0x080054bc   0x00000220   Code   RO          890    i.PID_Compulate     pid.o
    0x080056dc   0x00000060   Code   RO          891    i.PID_param_Init    pid.o
    0x0800573c   0x0000005c   Code   RO          892    i.PID_param_Reset   pid.o
    0x08005798   0x00000110   Code   RO          989    i.Page              slave_computer.o
    0x080058a8   0x000002cc   Code   RO          990    i.Page_1            slave_computer.o
    0x08005b74   0x00000154   Code   RO          991    i.Page_2            slave_computer.o
    0x08005cc8   0x00000002   Code   RO          182    i.PendSV_Handler    stm32f4xx_it.o
    0x08005cca   0x00000002   PAD
    0x08005ccc   0x00000020   Code   RO         1090    i.RCC_AHB1PeriphClockCmd  stm32f4xx_rcc.o
    0x08005cec   0x00000020   Code   RO         1096    i.RCC_AHB3PeriphClockCmd  stm32f4xx_rcc.o
    0x08005d0c   0x00000020   Code   RO         1099    i.RCC_APB1PeriphClockCmd  stm32f4xx_rcc.o
    0x08005d2c   0x00000020   Code   RO         1102    i.RCC_APB2PeriphClockCmd  stm32f4xx_rcc.o
    0x08005d4c   0x00000020   Code   RO         1104    i.RCC_APB2PeriphResetCmd  stm32f4xx_rcc.o
    0x08005d6c   0x000000e8   Code   RO         1111    i.RCC_GetClocksFreq  stm32f4xx_rcc.o
    0x08005e54   0x00000304   Code   RO          992    i.SHOW_Pages        slave_computer.o
    0x08006158   0x000000a8   Code   RO          459    i.SQUARE_Init       square.o
    0x08006200   0x00000034   Code   RO          248    i.STM32_Init        public.o
    0x08006234   0x00000002   Code   RO          183    i.SVC_Handler       stm32f4xx_it.o
    0x08006236   0x00000002   PAD
    0x08006238   0x000000ec   Code   RO         1053    i.SetSysClock       system_stm32f4xx.o
    0x08006324   0x00000002   Code   RO          184    i.SysTick_Handler   stm32f4xx_it.o
    0x08006326   0x00000002   PAD
    0x08006328   0x00000068   Code   RO         1055    i.SystemInit        system_stm32f4xx.o
    0x08006390   0x00000020   Code   RO          433    i.TIM7_IRQHandler   tim.o
    0x080063b0   0x00000060   Code   RO          434    i.TIM_20ms_Init     tim.o
    0x08006410   0x00000018   Code   RO         1758    i.TIM_ARRPreloadConfig  stm32f4xx_tim.o
    0x08006428   0x00000006   Code   RO         1765    i.TIM_ClearITPendingBit  stm32f4xx_tim.o
    0x0800642e   0x00000018   Code   RO         1770    i.TIM_Cmd           stm32f4xx_tim.o
    0x08006446   0x00000022   Code   RO         1791    i.TIM_GetITStatus   stm32f4xx_tim.o
    0x08006468   0x00000012   Code   RO         1795    i.TIM_ITConfig      stm32f4xx_tim.o
    0x0800647a   0x00000002   PAD
    0x0800647c   0x0000007c   Code   RO         1799    i.TIM_OC1Init       stm32f4xx_tim.o
    0x080064f8   0x00000012   Code   RO         1802    i.TIM_OC1PreloadConfig  stm32f4xx_tim.o
    0x0800650a   0x00000002   PAD
    0x0800650c   0x000000a4   Code   RO         1804    i.TIM_OC2Init       stm32f4xx_tim.o
    0x080065b0   0x0000001a   Code   RO         1806    i.TIM_OC2PolarityConfig  stm32f4xx_tim.o
    0x080065ca   0x0000001a   Code   RO         1807    i.TIM_OC2PreloadConfig  stm32f4xx_tim.o
    0x080065e4   0x00000004   Code   RO         1832    i.TIM_SetCompare1   stm32f4xx_tim.o
    0x080065e8   0x00000004   Code   RO         1833    i.TIM_SetCompare2   stm32f4xx_tim.o
    0x080065ec   0x00000084   Code   RO         1842    i.TIM_TimeBaseInit  stm32f4xx_tim.o
    0x08006670   0x00000068   Code   RO          735    i.TP_Init           touch.o
    0x080066d8   0x000000b0   Code   RO          736    i.TP_Read_AD        touch.o
    0x08006788   0x00000078   Code   RO          737    i.TP_Read_XOY       touch.o
    0x08006800   0x00000030   Code   RO          738    i.TP_Read_XY        touch.o
    0x08006830   0x000000c0   Code   RO          739    i.TP_Read_XY2       touch.o
    0x080068f0   0x000000f4   Code   RO          740    i.TP_Scan           touch.o
    0x080069e4   0x00000054   Code   RO          741    i.TP_Write_Byte     touch.o
    0x08006a38   0x00000028   Code   RO          294    i.USART1_IRQHandler  usart.o
    0x08006a60   0x000000c0   Code   RO          295    i.USART1_Init       usart.o
    0x08006b20   0x00000018   Code   RO         1570    i.USART_Cmd         stm32f4xx_usart.o
    0x08006b38   0x0000001a   Code   RO         1573    i.USART_GetFlagStatus  stm32f4xx_usart.o
    0x08006b52   0x0000004a   Code   RO         1576    i.USART_ITConfig    stm32f4xx_usart.o
    0x08006b9c   0x000000d4   Code   RO         1577    i.USART_Init        stm32f4xx_usart.o
    0x08006c70   0x0000000a   Code   RO         1584    i.USART_ReceiveData  stm32f4xx_usart.o
    0x08006c7a   0x00000056   Code   RO          297    i.USART_Send        usart.o
    0x08006cd0   0x00000008   Code   RO         1587    i.USART_SendData    stm32f4xx_usart.o
    0x08006cd8   0x00000004   Code   RO          185    i.UsageFault_Handler  stm32f4xx_it.o
    0x08006cdc   0x00000030   Code   RO         2773    i.__ARM_fpclassify  m_wm.l(fpclassify.o)
    0x08006d0c   0x00000014   Code   RO         2727    i.__hardfp_fabs     m_wm.l(fabs.o)
    0x08006d20   0x00000c50   Code   RO         2733    i.__hardfp_pow      m_wm.l(pow.o)
    0x08007970   0x000000f8   Code   RO         2775    i.__kernel_poly     m_wm.l(poly.o)
    0x08007a68   0x00000030   Code   RO         2759    i.__mathlib_dbl_divzero  m_wm.l(dunder.o)
    0x08007a98   0x00000014   Code   RO         2761    i.__mathlib_dbl_infnan2  m_wm.l(dunder.o)
    0x08007aac   0x00000004   PAD
    0x08007ab0   0x00000020   Code   RO         2762    i.__mathlib_dbl_invalid  m_wm.l(dunder.o)
    0x08007ad0   0x00000020   Code   RO         2763    i.__mathlib_dbl_overflow  m_wm.l(dunder.o)
    0x08007af0   0x00000020   Code   RO         2765    i.__mathlib_dbl_underflow  m_wm.l(dunder.o)
    0x08007b10   0x000000f0   Code   RO          993    i.data_op           slave_computer.o
    0x08007c00   0x00000048   Code   RO          268    i.delay_ms          delay.o
    0x08007c48   0x0000004a   Code   RO          269    i.delay_us          delay.o
    0x08007c92   0x00000018   Code   RO         2729    i.fabs              m_wm.l(fabs.o)
    0x08007caa   0x00000010   Code   RO            3    i.main              main.o
    0x08007cba   0x0000006e   Code   RO         2780    i.sqrt              m_wm.l(sqrt.o)
    0x08007d28   0x00000018   Code   RO         2695    x$fpl$basic         fz_wm.l(basic.o)
    0x08007d40   0x00000150   Code   RO         2697    x$fpl$dadd          fz_wm.l(daddsub_clz.o)
    0x08007e90   0x00000010   Code   RO         2810    x$fpl$dcheck1       fz_wm.l(dcheck1.o)
    0x08007ea0   0x00000018   Code   RO         2750    x$fpl$dcmpinf       fz_wm.l(dcmpi.o)
    0x08007eb8   0x000002b0   Code   RO         2704    x$fpl$ddiv          fz_wm.l(ddiv.o)
    0x08008168   0x0000005e   Code   RO         2707    x$fpl$dfix          fz_wm.l(dfix.o)
    0x080081c6   0x00000002   PAD
    0x080081c8   0x0000005a   Code   RO         2711    x$fpl$dfixu         fz_wm.l(dfixu.o)
    0x08008222   0x0000002e   Code   RO         2716    x$fpl$dflt          fz_wm.l(dflt_clz.o)
    0x08008250   0x00000026   Code   RO         2715    x$fpl$dfltu         fz_wm.l(dflt_clz.o)
    0x08008276   0x00000002   PAD
    0x08008278   0x00000078   Code   RO         2721    x$fpl$dleqf         fz_wm.l(dleqf.o)
    0x080082f0   0x00000154   Code   RO         2723    x$fpl$dmul          fz_wm.l(dmul.o)
    0x08008444   0x0000009c   Code   RO         2752    x$fpl$dnaninf       fz_wm.l(dnaninf.o)
    0x080084e0   0x0000000c   Code   RO         2754    x$fpl$dretinf       fz_wm.l(dretinf.o)
    0x080084ec   0x0000006c   Code   RO         2725    x$fpl$drleqf        fz_wm.l(drleqf.o)
    0x08008558   0x00000016   Code   RO         2698    x$fpl$drsb          fz_wm.l(daddsub_clz.o)
    0x0800856e   0x00000002   PAD
    0x08008570   0x00000198   Code   RO         2812    x$fpl$dsqrt         fz_wm.l(dsqrt_umaal.o)
    0x08008708   0x000001d4   Code   RO         2699    x$fpl$dsub          fz_wm.l(daddsub_clz.o)
    0x080088dc   0x0000000a   Code   RO         2887    x$fpl$fpinit        fz_wm.l(fpinit.o)
    0x080088e6   0x00000064   Code   RO         2827    x$fpl$retnan        fz_wm.l(retnan.o)
    0x0800894a   0x0000005c   Code   RO         2756    x$fpl$scalbn        fz_wm.l(scalbn.o)
    0x080089a6   0x00000030   Code   RO         2876    x$fpl$trapveneer    fz_wm.l(trapv.o)
    0x080089d6   0x00000000   Code   RO         2758    x$fpl$usenofp       fz_wm.l(usenofp.o)
    0x080089d6   0x000017c0   Data   RO          555    .constdata          lcd.o
    0x0800a196   0x00000002   PAD
    0x0800a198   0x00000088   Data   RO         2736    .constdata          m_wm.l(pow.o)
    0x0800a220   0x00000008   Data   RO         2777    .constdata          m_wm.l(qnan.o)
    0x0800a228   0x00000020   Data   RO         2955    Region$$Table       anon$$obj.o


    Execution Region RW_IRAM1 (Base: 0x20000000, Size: 0x00001450, Max: 0x00020000, ABSOLUTE)

    Base Addr    Size         Type   Attr      Idx    E Section Name        Object

    0x20000000   0x00000004   Data   RW          556    .data               lcd.o
    0x20000004   0x00000032   Data   RW          742    .data               touch.o
    0x20000036   0x00000005   Data   RW          960    .data               main_control.o
    0x2000003b   0x00000005   PAD
    0x20000040   0x00000042   Data   RW          995    .data               slave_computer.o
    0x20000082   0x00000010   Data   RW         1143    .data               stm32f4xx_rcc.o
    0x20000092   0x00000002   PAD
    0x20000094   0x0000000e   Zero   RW          554    .bss                lcd.o
    0x200000a2   0x00000006   PAD
    0x200000a8   0x00000050   Zero   RW          893    .bss                pid.o
    0x200000f8   0x00000cf3   Zero   RW          994    .bss                slave_computer.o
    0x20000deb   0x00000001   PAD
    0x20000dec   0x00000060   Zero   RW         2815    .bss                c_w.l(libspace.o)
    0x20000e4c   0x00000004   PAD
    0x20000e50   0x00000200   Zero   RW         1045    HEAP                startup_stm32f40_41xxx.o
    0x20001050   0x00000400   Zero   RW         1044    STACK               startup_stm32f40_41xxx.o


==============================================================================

Image component sizes


      Code (inc. data)   RO Data    RW Data    ZI Data      Debug   Object Name

       226         12          0          0          0       1986   adc.o
       146          0          0          0          0       1174   delay.o
       648        132          0          0          0       1935   handle.o
       236         12          0          0          0       1265   hx711.o
     17254        180       6080          4         14      26824   lcd.o
        40          6          0          0          0        569   led.o
        16          0          0          0          0     305459   main.o
       264         48          0          5          0       1477   main_control.o
       120         14          0          0          0       1216   misc.o
       276         16          0          0          0       1417   motor.o
       732         64          0          0         80       2531   pid.o
        52          0          0          0          0        529   public.o
      2952        458          0         66       3315       6725   slave_computer.o
       168         10          0          0          0        718   square.o
        64         26        392          0       1536        976   startup_stm32f40_41xxx.o
       374         24          0          0          0       6290   stm32f4xx_adc.o
       282          6          0          0          0       2121   stm32f4xx_fsmc.o
       258          0          0          0          0       4828   stm32f4xx_gpio.o
        26          0          0          0          0       4466   stm32f4xx_it.o
       392         48          0         16          0       6501   stm32f4xx_rcc.o
       604         48          0          0          0       9959   stm32f4xx_tim.o
       354          8          0          0          0       5357   stm32f4xx_usart.o
       340         32          0          0          0       1941   system_stm32f4xx.o
       128          8          0          0          0       1146   tim.o
      1192         76          0         50          0       7423   touch.o
       318         14          0          0          0       2495   usart.o

    ----------------------------------------------------------------------
     27494       1242       6506        148       4952     407328   Object Totals
         0          0         32          0          0          0   (incl. Generated)
        32          0          2          7          7          0   (incl. Padding)

    ----------------------------------------------------------------------

      Code (inc. data)   RO Data    RW Data    ZI Data      Debug   Library Member Name

         8          0          0          0          0         68   __main.o
         0          0          0          0          0          0   __rtentry.o
        12          0          0          0          0          0   __rtentry2.o
         6          0          0          0          0          0   __rtentry4.o
        52          8          0          0          0          0   __scatter.o
        26          0          0          0          0          0   __scatter_copy.o
        28          0          0          0          0          0   __scatter_zi.o
        22          0          0          0          0        100   _rserrno.o
        18          0          0          0          0         80   exit.o
         6          0          0          0          0        152   heapauxi.o
         0          0          0          0          0          0   indicate_semi.o
         2          0          0          0          0          0   libinit.o
         6          0          0          0          0          0   libinit2.o
         2          0          0          0          0          0   libshutdown.o
         2          0          0          0          0          0   libshutdown2.o
         8          4          0          0         96         68   libspace.o
         8          4          0          0          0         68   rt_errno_addr_intlibspace.o
         2          0          0          0          0          0   rtexit.o
        10          0          0          0          0          0   rtexit2.o
        72          0          0          0          0         80   strcpy.o
        12          4          0          0          0         68   sys_exit.o
        74          0          0          0          0         80   sys_stackheap_outer.o
         2          0          0          0          0         68   use_no_semi.o
        24          0          0          0          0        164   basic.o
       826         16          0          0          0        492   daddsub_clz.o
        16          4          0          0          0        116   dcheck1.o
        24          0          0          0          0        116   dcmpi.o
       688        140          0          0          0        256   ddiv.o
        94          4          0          0          0        140   dfix.o
        90          4          0          0          0        140   dfixu.o
        84          0          0          0          0        232   dflt_clz.o
       120          4          0          0          0        140   dleqf.o
       340         12          0          0          0        152   dmul.o
       156          4          0          0          0        140   dnaninf.o
        12          0          0          0          0        116   dretinf.o
       108          0          0          0          0        128   drleqf.o
       408         56          0          0          0        168   dsqrt_umaal.o
        10          0          0          0          0        116   fpinit.o
       100          0          0          0          0        116   retnan.o
        92          0          0          0          0        116   scalbn.o
        48          0          0          0          0        116   trapv.o
         0          0          0          0          0          0   usenofp.o
       164         44          0          0          0        620   dunder.o
        44          0          0          0          0        248   fabs.o
        48          0          0          0          0        124   fpclassify.o
       248          0          0          0          0        152   poly.o
      3152        296        136          0          0        352   pow.o
         0          0          8          0          0          0   qnan.o
       110          0          0          0          0        148   sqrt.o

    ----------------------------------------------------------------------
      7400        604        144          0        100       5440   Library Totals
        16          0          0          0          4          0   (incl. Padding)

    ----------------------------------------------------------------------

      Code (inc. data)   RO Data    RW Data    ZI Data      Debug   Library Name

       378         20          0          0         96        832   c_w.l
      3240        244          0          0          0       2964   fz_wm.l
      3766        340        144          0          0       1644   m_wm.l

    ----------------------------------------------------------------------
      7400        604        144          0        100       5440   Library Totals

    ----------------------------------------------------------------------

==============================================================================


      Code (inc. data)   RO Data    RW Data    ZI Data      Debug   

     34894       1846       6650        148       5052     398856   Grand Totals
     34894       1846       6650        148       5052     398856   ELF Image Totals
     34894       1846       6650        148          0          0   ROM Totals

==============================================================================

    Total RO  Size (Code + RO Data)                41544 (  40.57kB)
    Total RW  Size (RW Data + ZI Data)              5200 (   5.08kB)
    Total ROM Size (Code + RO Data + RW Data)      41692 (  40.71kB)

==============================================================================

